Java HotSpot(TM) 64-Bit Server VM (25.211-b12) for bsd-amd64 JRE (1.8.0_211-b12), built on Apr  1 2019 20:53:18 by "java_re" with gcc 4.2.1 (Based on Apple Inc. build 5658) (LLVM build 2336.11.00)
Memory: 4k page, physical 16777216k(1429448k free)

/proc/meminfo:

CommandLine flags: -XX:G1HeapRegionSize=4194304 -XX:InitialHeapSize=104857600 -XX:InitialTenuringThreshold=5 -XX:MaxGCPauseMillis=200 -XX:MaxHeapSize=104857600 -XX:MaxNewSize=41943040 -XX:MaxTenuringThreshold=5 -XX:NewSize=41943040 -XX:+PrintAdaptiveSizePolicy -XX:PrintFLSStatistics=2 -XX:+PrintFlagsFinal -XX:+PrintGC -XX:+PrintGCApplicationConcurrentTime -XX:+PrintGCApplicationStoppedTime -XX:+PrintGCCause -XX:+PrintGCDateStamps -XX:+PrintGCDetails -XX:+PrintGCTimeStamps -XX:+PrintTenuringDistribution -XX:+UnlockDiagnosticVMOptions -XX:+UnlockExperimentalVMOptions -XX:+UseCompressedClassPointers -XX:+UseCompressedOops -XX:+UseG1GC 
 0.014: [G1Ergonomics (Heap Sizing) expand the heap, requested expansion amount: 104857600 bytes, attempted expansion amount: 104857600 bytes]
2020-12-10T22:19:00.228-0800: 4.150: Application time: 4.0340217 seconds
2020-12-10T22:19:00.229-0800: 4.151: Total time for which application threads were stopped: 0.0011464 seconds, Stopping threads took: 0.0010562 seconds
2020-12-10T22:19:03.170-0800: 7.092: Application time: 2.9404981 seconds
2020-12-10T22:19:03.170-0800: 7.092: Total time for which application threads were stopped: 0.0000726 seconds, Stopping threads took: 0.0000063 seconds
2020-12-10T22:19:03.221-0800: 7.143: Application time: 0.0510248 seconds
2020-12-10T22:19:03.221-0800: 7.143: Total time for which application threads were stopped: 0.0000424 seconds, Stopping threads took: 0.0000164 seconds
2020-12-10T22:19:03.221-0800: 7.143: Application time: 0.0002418 seconds
2020-12-10T22:19:03.221-0800: 7.143: Total time for which application threads were stopped: 0.0000297 seconds, Stopping threads took: 0.0000151 seconds
2020-12-10T22:19:03.223-0800: 7.145: Application time: 0.0011947 seconds
2020-12-10T22:19:03.223-0800: 7.145: Total time for which application threads were stopped: 0.0000658 seconds, Stopping threads took: 0.0000079 seconds
2020-12-10T22:19:03.224-0800: 7.146: Application time: 0.0018021 seconds
2020-12-10T22:19:03.224-0800: 7.146: Total time for which application threads were stopped: 0.0000448 seconds, Stopping threads took: 0.0000055 seconds
2020-12-10T22:19:03.227-0800: 7.149: Application time: 0.0028173 seconds
2020-12-10T22:19:03.227-0800: 7.149: Total time for which application threads were stopped: 0.0000316 seconds, Stopping threads took: 0.0000051 seconds
2020-12-10T22:19:03.232-0800: 7.154: Application time: 0.0048784 seconds
2020-12-10T22:19:03.232-0800: 7.154: Total time for which application threads were stopped: 0.0000218 seconds, Stopping threads took: 0.0000075 seconds
2020-12-10T22:19:03.232-0800: 7.154: Application time: 0.0002469 seconds
2020-12-10T22:19:03.232-0800: 7.154: Total time for which application threads were stopped: 0.0000168 seconds, Stopping threads took: 0.0000057 seconds
2020-12-10T22:19:03.233-0800: 7.155: Application time: 0.0003990 seconds
2020-12-10T22:19:03.233-0800: 7.155: Total time for which application threads were stopped: 0.0000148 seconds, Stopping threads took: 0.0000057 seconds
2020-12-10T22:19:03.233-0800: 7.155: Application time: 0.0000590 seconds
2020-12-10T22:19:03.233-0800: 7.155: Total time for which application threads were stopped: 0.0000141 seconds, Stopping threads took: 0.0000054 seconds
2020-12-10T22:19:03.235-0800: 7.157: Application time: 0.0025567 seconds
2020-12-10T22:19:03.236-0800: 7.158: Total time for which application threads were stopped: 0.0000211 seconds, Stopping threads took: 0.0000064 seconds
2020-12-10T22:19:03.236-0800: 7.158: Application time: 0.0002607 seconds
2020-12-10T22:19:03.236-0800: 7.158: Total time for which application threads were stopped: 0.0000144 seconds, Stopping threads took: 0.0000053 seconds
2020-12-10T22:19:03.236-0800: 7.158: Application time: 0.0001964 seconds
2020-12-10T22:19:03.236-0800: 7.158: Total time for which application threads were stopped: 0.0000151 seconds, Stopping threads took: 0.0000049 seconds
2020-12-10T22:19:03.237-0800: 7.159: Application time: 0.0014396 seconds
2020-12-10T22:19:03.238-0800: 7.160: Total time for which application threads were stopped: 0.0000232 seconds, Stopping threads took: 0.0000094 seconds
2020-12-10T22:19:03.238-0800: 7.160: Application time: 0.0001125 seconds
2020-12-10T22:19:03.238-0800: 7.160: Total time for which application threads were stopped: 0.0000150 seconds, Stopping threads took: 0.0000053 seconds
2020-12-10T22:19:03.238-0800: 7.160: Application time: 0.0000389 seconds
2020-12-10T22:19:03.238-0800: 7.160: Total time for which application threads were stopped: 0.0000140 seconds, Stopping threads took: 0.0000054 seconds
2020-12-10T22:19:03.238-0800: 7.160: Application time: 0.0001323 seconds
2020-12-10T22:19:03.238-0800: 7.160: Total time for which application threads were stopped: 0.0000257 seconds, Stopping threads took: 0.0000109 seconds
2020-12-10T22:19:03.239-0800: 7.161: Application time: 0.0007930 seconds
2020-12-10T22:19:03.239-0800: 7.161: Total time for which application threads were stopped: 0.0000185 seconds, Stopping threads took: 0.0000056 seconds
2020-12-10T22:19:03.239-0800: 7.161: Application time: 0.0000435 seconds
2020-12-10T22:19:03.239-0800: 7.161: Total time for which application threads were stopped: 0.0000164 seconds, Stopping threads took: 0.0000057 seconds
2020-12-10T22:19:03.239-0800: 7.161: Application time: 0.0003521 seconds
2020-12-10T22:19:03.239-0800: 7.161: Total time for which application threads were stopped: 0.0000150 seconds, Stopping threads took: 0.0000052 seconds
2020-12-10T22:19:03.239-0800: 7.161: Application time: 0.0000250 seconds
2020-12-10T22:19:03.239-0800: 7.161: Total time for which application threads were stopped: 0.0000144 seconds, Stopping threads took: 0.0000048 seconds
2020-12-10T22:19:03.239-0800: 7.161: Application time: 0.0000336 seconds
2020-12-10T22:19:03.239-0800: 7.161: Total time for which application threads were stopped: 0.0000139 seconds, Stopping threads took: 0.0000040 seconds
2020-12-10T22:19:03.239-0800: 7.161: Application time: 0.0000323 seconds
2020-12-10T22:19:03.239-0800: 7.161: Total time for which application threads were stopped: 0.0000122 seconds, Stopping threads took: 0.0000041 seconds
2020-12-10T22:19:03.239-0800: 7.161: Application time: 0.0000931 seconds
2020-12-10T22:19:03.239-0800: 7.161: Total time for which application threads were stopped: 0.0000138 seconds, Stopping threads took: 0.0000042 seconds
2020-12-10T22:19:03.240-0800: 7.162: Application time: 0.0002256 seconds
2020-12-10T22:19:03.240-0800: 7.162: Total time for which application threads were stopped: 0.0000127 seconds, Stopping threads took: 0.0000045 seconds
2020-12-10T22:19:03.240-0800: 7.162: Application time: 0.0000587 seconds
2020-12-10T22:19:03.240-0800: 7.162: Total time for which application threads were stopped: 0.0000119 seconds, Stopping threads took: 0.0000040 seconds
2020-12-10T22:19:03.240-0800: 7.162: Application time: 0.0000453 seconds
2020-12-10T22:19:03.240-0800: 7.162: Total time for which application threads were stopped: 0.0000118 seconds, Stopping threads took: 0.0000041 seconds
2020-12-10T22:19:03.240-0800: 7.162: Application time: 0.0000495 seconds
2020-12-10T22:19:03.240-0800: 7.162: Total time for which application threads were stopped: 0.0000246 seconds, Stopping threads took: 0.0000057 seconds
2020-12-10T22:19:03.240-0800: 7.162: Application time: 0.0004070 seconds
2020-12-10T22:19:03.240-0800: 7.162: Total time for which application threads were stopped: 0.0000183 seconds, Stopping threads took: 0.0000062 seconds
2020-12-10T22:19:03.240-0800: 7.162: Application time: 0.0000525 seconds
2020-12-10T22:19:03.240-0800: 7.162: Total time for which application threads were stopped: 0.0000172 seconds, Stopping threads took: 0.0000057 seconds
2020-12-10T22:19:03.240-0800: 7.162: Application time: 0.0000408 seconds
2020-12-10T22:19:03.240-0800: 7.162: Total time for which application threads were stopped: 0.0000153 seconds, Stopping threads took: 0.0000050 seconds
2020-12-10T22:19:03.240-0800: 7.162: Application time: 0.0000503 seconds
2020-12-10T22:19:03.241-0800: 7.163: Total time for which application threads were stopped: 0.0001470 seconds, Stopping threads took: 0.0001344 seconds
2020-12-10T22:19:03.241-0800: 7.163: Application time: 0.0000230 seconds
2020-12-10T22:19:03.241-0800: 7.163: Total time for which application threads were stopped: 0.0000504 seconds, Stopping threads took: 0.0000395 seconds
2020-12-10T22:19:03.242-0800: 7.164: Application time: 0.0011400 seconds
2020-12-10T22:19:03.242-0800: 7.164: Total time for which application threads were stopped: 0.0000176 seconds, Stopping threads took: 0.0000061 seconds
2020-12-10T22:19:03.242-0800: 7.164: Application time: 0.0001245 seconds
2020-12-10T22:19:03.242-0800: 7.164: Total time for which application threads were stopped: 0.0000396 seconds, Stopping threads took: 0.0000248 seconds
2020-12-10T22:19:03.243-0800: 7.165: Application time: 0.0014020 seconds
2020-12-10T22:19:03.243-0800: 7.165: Total time for which application threads were stopped: 0.0000195 seconds, Stopping threads took: 0.0000067 seconds
2020-12-10T22:19:03.244-0800: 7.166: Application time: 0.0002188 seconds
2020-12-10T22:19:03.244-0800: 7.166: Total time for which application threads were stopped: 0.0000363 seconds, Stopping threads took: 0.0000164 seconds
2020-12-10T22:19:03.244-0800: 7.166: Application time: 0.0000443 seconds
2020-12-10T22:19:03.244-0800: 7.166: Total time for which application threads were stopped: 0.0000163 seconds, Stopping threads took: 0.0000053 seconds
2020-12-10T22:19:03.244-0800: 7.166: Application time: 0.0000939 seconds
2020-12-10T22:19:03.244-0800: 7.166: Total time for which application threads were stopped: 0.0000184 seconds, Stopping threads took: 0.0000054 seconds
2020-12-10T22:19:03.244-0800: 7.166: Application time: 0.0000222 seconds
2020-12-10T22:19:03.244-0800: 7.166: Total time for which application threads were stopped: 0.0000138 seconds, Stopping threads took: 0.0000041 seconds
2020-12-10T22:19:03.245-0800: 7.167: Application time: 0.0011033 seconds
2020-12-10T22:19:03.245-0800: 7.167: Total time for which application threads were stopped: 0.0000423 seconds, Stopping threads took: 0.0000312 seconds
2020-12-10T22:19:03.245-0800: 7.167: Application time: 0.0001018 seconds
2020-12-10T22:19:03.245-0800: 7.167: Total time for which application threads were stopped: 0.0000828 seconds, Stopping threads took: 0.0000681 seconds
2020-12-10T22:19:03.245-0800: 7.167: Application time: 0.0001730 seconds
2020-12-10T22:19:03.245-0800: 7.167: Total time for which application threads were stopped: 0.0000154 seconds, Stopping threads took: 0.0000055 seconds
2020-12-10T22:19:03.246-0800: 7.168: Application time: 0.0010861 seconds
2020-12-10T22:19:03.247-0800: 7.169: Total time for which application threads were stopped: 0.0000168 seconds, Stopping threads took: 0.0000057 seconds
2020-12-10T22:19:03.248-0800: 7.170: Application time: 0.0013084 seconds
2020-12-10T22:19:03.248-0800: 7.170: Total time for which application threads were stopped: 0.0000191 seconds, Stopping threads took: 0.0000056 seconds
2020-12-10T22:19:03.248-0800: 7.170: Application time: 0.0000962 seconds
2020-12-10T22:19:03.248-0800: 7.170: Total time for which application threads were stopped: 0.0000330 seconds, Stopping threads took: 0.0000168 seconds
2020-12-10T22:19:03.248-0800: 7.170: Application time: 0.0000908 seconds
2020-12-10T22:19:03.248-0800: 7.170: Total time for which application threads were stopped: 0.0000287 seconds, Stopping threads took: 0.0000165 seconds
2020-12-10T22:19:03.248-0800: 7.170: Application time: 0.0000449 seconds
2020-12-10T22:19:03.248-0800: 7.170: Total time for which application threads were stopped: 0.0000147 seconds, Stopping threads took: 0.0000051 seconds
2020-12-10T22:19:03.248-0800: 7.170: Application time: 0.0000561 seconds
2020-12-10T22:19:03.248-0800: 7.170: Total time for which application threads were stopped: 0.0000144 seconds, Stopping threads took: 0.0000049 seconds
2020-12-10T22:19:03.248-0800: 7.170: Application time: 0.0001365 seconds
2020-12-10T22:19:03.248-0800: 7.170: Total time for which application threads were stopped: 0.0000152 seconds, Stopping threads took: 0.0000053 seconds
2020-12-10T22:19:03.250-0800: 7.172: Application time: 0.0020021 seconds
2020-12-10T22:19:03.250-0800: 7.172: Total time for which application threads were stopped: 0.0000338 seconds, Stopping threads took: 0.0000177 seconds
2020-12-10T22:19:03.250-0800: 7.172: Application time: 0.0000278 seconds
2020-12-10T22:19:03.251-0800: 7.173: Total time for which application threads were stopped: 0.0000325 seconds, Stopping threads took: 0.0000189 seconds
2020-12-10T22:19:03.251-0800: 7.173: Application time: 0.0000301 seconds
2020-12-10T22:19:03.251-0800: 7.173: Total time for which application threads were stopped: 0.0000146 seconds, Stopping threads took: 0.0000050 seconds
2020-12-10T22:19:03.253-0800: 7.175: Application time: 0.0024564 seconds
2020-12-10T22:19:03.253-0800: 7.175: Total time for which application threads were stopped: 0.0000380 seconds, Stopping threads took: 0.0000070 seconds
2020-12-10T22:19:03.258-0800: 7.180: Application time: 0.0052267 seconds
2020-12-10T22:19:03.258-0800: 7.180: Total time for which application threads were stopped: 0.0000246 seconds, Stopping threads took: 0.0000083 seconds
2020-12-10T22:19:03.258-0800: 7.180: Application time: 0.0000242 seconds
2020-12-10T22:19:03.258-0800: 7.180: Total time for which application threads were stopped: 0.0000163 seconds, Stopping threads took: 0.0000049 seconds
2020-12-10T22:19:03.258-0800: 7.180: Application time: 0.0000157 seconds
2020-12-10T22:19:03.258-0800: 7.180: Total time for which application threads were stopped: 0.0000152 seconds, Stopping threads took: 0.0000046 seconds
2020-12-10T22:19:03.258-0800: 7.180: Application time: 0.0000162 seconds
2020-12-10T22:19:03.258-0800: 7.180: Total time for which application threads were stopped: 0.0000149 seconds, Stopping threads took: 0.0000045 seconds
2020-12-10T22:19:03.258-0800: 7.180: Application time: 0.0000187 seconds
2020-12-10T22:19:03.258-0800: 7.180: Total time for which application threads were stopped: 0.0000344 seconds, Stopping threads took: 0.0000047 seconds
2020-12-10T22:19:03.259-0800: 7.181: Application time: 0.0001498 seconds
2020-12-10T22:19:03.259-0800: 7.181: Total time for which application threads were stopped: 0.0000162 seconds, Stopping threads took: 0.0000052 seconds
2020-12-10T22:19:03.259-0800: 7.181: Application time: 0.0000191 seconds
2020-12-10T22:19:03.259-0800: 7.181: Total time for which application threads were stopped: 0.0000142 seconds, Stopping threads took: 0.0000044 seconds
2020-12-10T22:19:03.262-0800: 7.184: Application time: 0.0036368 seconds
2020-12-10T22:19:03.262-0800: 7.184: Total time for which application threads were stopped: 0.0000229 seconds, Stopping threads took: 0.0000068 seconds
2020-12-10T22:19:03.264-0800: 7.186: Application time: 0.0011867 seconds
2020-12-10T22:19:03.264-0800: 7.186: Total time for which application threads were stopped: 0.0000365 seconds, Stopping threads took: 0.0000076 seconds
2020-12-10T22:19:03.273-0800: 7.195: Application time: 0.0089843 seconds
2020-12-10T22:19:03.273-0800: 7.195: Total time for which application threads were stopped: 0.0000304 seconds, Stopping threads took: 0.0000104 seconds
2020-12-10T22:19:04.276-0800: 8.198: Application time: 1.0039147 seconds
2020-12-10T22:19:04.277-0800: 8.199: Total time for which application threads were stopped: 0.0000789 seconds, Stopping threads took: 0.0000268 seconds
2020-12-10T22:19:04.287-0800: 8.209: Application time: 0.0108497 seconds
2020-12-10T22:19:04.288-0800: 8.210: Total time for which application threads were stopped: 0.0000896 seconds, Stopping threads took: 0.0000408 seconds
2020-12-10T22:19:04.288-0800: 8.210: Application time: 0.0004097 seconds
2020-12-10T22:19:04.288-0800: 8.210: Total time for which application threads were stopped: 0.0000718 seconds, Stopping threads took: 0.0000314 seconds
2020-12-10T22:19:04.288-0800: 8.210: Application time: 0.0001690 seconds
2020-12-10T22:19:04.288-0800: 8.210: Total time for which application threads were stopped: 0.0000651 seconds, Stopping threads took: 0.0000259 seconds
2020-12-10T22:19:04.290-0800: 8.212: Application time: 0.0020939 seconds
2020-12-10T22:19:04.290-0800: 8.212: Total time for which application threads were stopped: 0.0000517 seconds, Stopping threads took: 0.0000098 seconds
2020-12-10T22:19:04.297-0800: 8.219: Application time: 0.0062577 seconds
2020-12-10T22:19:04.297-0800: 8.219: Total time for which application threads were stopped: 0.0000411 seconds, Stopping threads took: 0.0000078 seconds
2020-12-10T22:19:05.291-0800: 9.213: Application time: 0.9942487 seconds
2020-12-10T22:19:05.291-0800: 9.213: Total time for which application threads were stopped: 0.0000581 seconds, Stopping threads took: 0.0000138 seconds
2020-12-10T22:19:06.291-0800: 10.213: Application time: 1.0003959 seconds
2020-12-10T22:19:06.291-0800: 10.213: Total time for which application threads were stopped: 0.0000781 seconds, Stopping threads took: 0.0000430 seconds
2020-12-10T22:19:06.292-0800: 10.214: Application time: 0.0004884 seconds
2020-12-10T22:19:06.292-0800: 10.214: Total time for which application threads were stopped: 0.0000625 seconds, Stopping threads took: 0.0000246 seconds
2020-12-10T22:19:07.293-0800: 11.215: Application time: 1.0007905 seconds
2020-12-10T22:19:07.293-0800: 11.215: Total time for which application threads were stopped: 0.0000599 seconds, Stopping threads took: 0.0000206 seconds
2020-12-10T22:19:07.296-0800: 11.218: Application time: 0.0030968 seconds
2020-12-10T22:19:07.296-0800: 11.218: Total time for which application threads were stopped: 0.0000756 seconds, Stopping threads took: 0.0000263 seconds
2020-12-10T22:19:08.301-0800: 12.223: Application time: 1.0045130 seconds
2020-12-10T22:19:08.301-0800: 12.223: Total time for which application threads were stopped: 0.0000600 seconds, Stopping threads took: 0.0000138 seconds
2020-12-10T22:19:09.299-0800: 13.221: Application time: 0.9985097 seconds
2020-12-10T22:19:09.299-0800: 13.221: Total time for which application threads were stopped: 0.0000740 seconds, Stopping threads took: 0.0000154 seconds
2020-12-10T22:19:10.299-0800: 14.221: Application time: 0.9998657 seconds
2020-12-10T22:19:10.299-0800: 14.221: Total time for which application threads were stopped: 0.0000722 seconds, Stopping threads took: 0.0000279 seconds
2020-12-10T22:19:11.302-0800: 15.224: Application time: 1.0025471 seconds
2020-12-10T22:19:11.302-0800: 15.224: Total time for which application threads were stopped: 0.0000981 seconds, Stopping threads took: 0.0000392 seconds
2020-12-10T22:19:12.302-0800: 16.224: Application time: 1.0003073 seconds
2020-12-10T22:19:12.302-0800: 16.224: Total time for which application threads were stopped: 0.0000851 seconds, Stopping threads took: 0.0000258 seconds
2020-12-10T22:19:13.305-0800: 17.227: Application time: 1.0024762 seconds
2020-12-10T22:19:13.305-0800: 17.227: Total time for which application threads were stopped: 0.0000936 seconds, Stopping threads took: 0.0000280 seconds
2020-12-10T22:19:13.370-0800: 17.292: Application time: 0.0654903 seconds
2020-12-10T22:19:13.370-0800: 17.292: Total time for which application threads were stopped: 0.0000928 seconds, Stopping threads took: 0.0000307 seconds
2020-12-10T22:19:14.433-0800: 18.355: Application time: 1.0628787 seconds
2020-12-10T22:19:14.433-0800: 18.355: Total time for which application threads were stopped: 0.0000892 seconds, Stopping threads took: 0.0000308 seconds
2020-12-10T22:19:14.436-0800: 18.358: Application time: 0.0025402 seconds
2020-12-10T22:19:14.436-0800: 18.358: Total time for which application threads were stopped: 0.0000556 seconds, Stopping threads took: 0.0000249 seconds
2020-12-10T22:19:15.434-0800: 19.356: Application time: 0.9978405 seconds
2020-12-10T22:19:15.434-0800: 19.356: Total time for which application threads were stopped: 0.0001016 seconds, Stopping threads took: 0.0000152 seconds
2020-12-10T22:19:16.435-0800: 20.357: Application time: 1.0013467 seconds
2020-12-10T22:19:16.435-0800: 20.357: Total time for which application threads were stopped: 0.0001197 seconds, Stopping threads took: 0.0000322 seconds
2020-12-10T22:19:16.439-0800: 20.361: Application time: 0.0040010 seconds
2020-12-10T22:19:16.440-0800: 20.362: Total time for which application threads were stopped: 0.0001097 seconds, Stopping threads took: 0.0000409 seconds
2020-12-10T22:19:17.439-0800: 21.361: Application time: 0.9990148 seconds
2020-12-10T22:19:17.439-0800: 21.361: Total time for which application threads were stopped: 0.0000537 seconds, Stopping threads took: 0.0000123 seconds
2020-12-10T22:19:18.292-0800: 22.214: Application time: 0.8536764 seconds
2020-12-10T22:19:18.292-0800: 22.214: [GC pause (G1 Evacuation Pause) (young)
Desired survivor size 4194304 bytes, new threshold 5 (max 5)
 22.215: [G1Ergonomics (CSet Construction) start choosing CSet, _pending_cards: 0, predicted base time: 10.00 ms, remaining time: 190.00 ms, target pause time: 200.00 ms]
 22.215: [G1Ergonomics (CSet Construction) add young regions to CSet, eden: 10 regions, survivors: 0 regions, predicted young region time: 605.98 ms]
 22.215: [G1Ergonomics (CSet Construction) finish choosing CSet, eden: 10 regions, survivors: 0 regions, old: 0 regions, predicted pause time: 615.98 ms, target pause time: 200.00 ms]
, 0.0054564 secs]
   [Parallel Time: 3.9 ms, GC Workers: 10]
      [GC Worker Start (ms): Min: 22214.6, Avg: 22214.8, Max: 22214.9, Diff: 0.3]
      [Ext Root Scanning (ms): Min: 0.3, Avg: 0.7, Max: 1.7, Diff: 1.3, Sum: 7.4]
      [Update RS (ms): Min: 0.0, Avg: 0.0, Max: 0.0, Diff: 0.0, Sum: 0.0]
         [Processed Buffers: Min: 0, Avg: 0.0, Max: 0, Diff: 0, Sum: 0]
      [Scan RS (ms): Min: 0.0, Avg: 0.0, Max: 0.0, Diff: 0.0, Sum: 0.0]
      [Code Root Scanning (ms): Min: 0.0, Avg: 0.1, Max: 0.4, Diff: 0.4, Sum: 1.0]
      [Object Copy (ms): Min: 2.1, Avg: 2.7, Max: 3.1, Diff: 1.0, Sum: 27.1]
      [Termination (ms): Min: 0.0, Avg: 0.0, Max: 0.0, Diff: 0.0, Sum: 0.1]
         [Termination Attempts: Min: 1, Avg: 6.1, Max: 14, Diff: 13, Sum: 61]
      [GC Worker Other (ms): Min: 0.0, Avg: 0.0, Max: 0.0, Diff: 0.0, Sum: 0.3]
      [GC Worker Total (ms): Min: 3.4, Avg: 3.6, Max: 3.8, Diff: 0.3, Sum: 35.9]
      [GC Worker End (ms): Min: 22218.3, Avg: 22218.4, Max: 22218.4, Diff: 0.0]
   [Code Root Fixup: 0.0 ms]
   [Code Root Purge: 0.0 ms]
   [Clear CT: 0.2 ms]
   [Other: 1.4 ms]
      [Choose CSet: 0.0 ms]
      [Ref Proc: 1.0 ms]
      [Ref Enq: 0.0 ms]
      [Redirty Cards: 0.2 ms]
      [Humongous Register: 0.0 ms]
      [Humongous Reclaim: 0.0 ms]
      [Free CSet: 0.0 ms]
   [Eden: 40.0M(40.0M)->0.0B(32.0M) Survivors: 0.0B->8192.0K Heap: 40.0M(100.0M)->5032.0K(100.0M)]
 [Times: user=0.03 sys=0.01, real=0.00 secs] 
2020-12-10T22:19:18.298-0800: 22.220: Total time for which application threads were stopped: 0.0057280 seconds, Stopping threads took: 0.0000256 seconds
2020-12-10T22:19:18.298-0800: 22.220: Application time: 0.0002807 seconds
2020-12-10T22:19:18.298-0800: 22.220: Total time for which application threads were stopped: 0.0000357 seconds, Stopping threads took: 0.0000121 seconds
2020-12-10T22:19:18.298-0800: 22.220: Application time: 0.0000251 seconds
2020-12-10T22:19:18.298-0800: 22.220: Total time for which application threads were stopped: 0.0000172 seconds, Stopping threads took: 0.0000044 seconds
2020-12-10T22:19:18.298-0800: 22.220: Application time: 0.0000437 seconds
2020-12-10T22:19:18.299-0800: 22.221: Total time for which application threads were stopped: 0.0000238 seconds, Stopping threads took: 0.0000071 seconds
2020-12-10T22:19:18.299-0800: 22.221: Application time: 0.0000429 seconds
2020-12-10T22:19:18.299-0800: 22.221: Total time for which application threads were stopped: 0.0000239 seconds, Stopping threads took: 0.0000070 seconds
2020-12-10T22:19:18.299-0800: 22.221: Application time: 0.0000228 seconds
2020-12-10T22:19:18.299-0800: 22.221: Total time for which application threads were stopped: 0.0000168 seconds, Stopping threads took: 0.0000043 seconds
2020-12-10T22:19:18.299-0800: 22.221: Application time: 0.0000285 seconds
2020-12-10T22:19:18.299-0800: 22.221: Total time for which application threads were stopped: 0.0000167 seconds, Stopping threads took: 0.0000042 seconds
2020-12-10T22:19:18.438-0800: 22.360: Application time: 0.1389650 seconds
2020-12-10T22:19:18.438-0800: 22.360: Total time for which application threads were stopped: 0.0000466 seconds, Stopping threads took: 0.0000097 seconds
2020-12-10T22:19:19.439-0800: 23.361: Application time: 1.0012459 seconds
2020-12-10T22:19:19.439-0800: 23.361: Total time for which application threads were stopped: 0.0000730 seconds, Stopping threads took: 0.0000282 seconds
2020-12-10T22:19:20.441-0800: 24.363: Application time: 1.0016222 seconds
2020-12-10T22:19:20.441-0800: 24.363: Total time for which application threads were stopped: 0.0000524 seconds, Stopping threads took: 0.0000103 seconds
2020-12-10T22:19:21.440-0800: 25.362: Application time: 0.9997569 seconds
2020-12-10T22:19:21.440-0800: 25.362: Total time for which application threads were stopped: 0.0000492 seconds, Stopping threads took: 0.0000106 seconds
2020-12-10T22:19:22.445-0800: 26.367: Application time: 1.0044553 seconds
2020-12-10T22:19:22.445-0800: 26.367: Total time for which application threads were stopped: 0.0000748 seconds, Stopping threads took: 0.0000274 seconds
2020-12-10T22:19:22.525-0800: 26.447: Application time: 0.0798323 seconds
2020-12-10T22:19:22.525-0800: 26.447: Total time for which application threads were stopped: 0.0000482 seconds, Stopping threads took: 0.0000110 seconds
2020-12-10T22:19:23.523-0800: 27.445: Application time: 0.9984371 seconds
2020-12-10T22:19:23.523-0800: 27.445: Total time for which application threads were stopped: 0.0000681 seconds, Stopping threads took: 0.0000154 seconds
2020-12-10T22:19:24.524-0800: 28.446: Application time: 1.0002082 seconds
2020-12-10T22:19:24.524-0800: 28.446: Total time for which application threads were stopped: 0.0000660 seconds, Stopping threads took: 0.0000181 seconds
2020-12-10T22:19:24.524-0800: 28.446: Application time: 0.0005592 seconds
2020-12-10T22:19:24.524-0800: 28.446: Total time for which application threads were stopped: 0.0000786 seconds, Stopping threads took: 0.0000310 seconds
2020-12-10T22:19:24.526-0800: 28.448: Application time: 0.0019023 seconds
2020-12-10T22:19:24.526-0800: 28.448: Total time for which application threads were stopped: 0.0000381 seconds, Stopping threads took: 0.0000104 seconds
2020-12-10T22:19:25.526-0800: 29.448: Application time: 0.9994258 seconds
2020-12-10T22:19:25.526-0800: 29.448: Total time for which application threads were stopped: 0.0000663 seconds, Stopping threads took: 0.0000147 seconds
2020-12-10T22:19:26.527-0800: 30.449: Application time: 1.0008007 seconds
2020-12-10T22:19:26.527-0800: 30.449: Total time for which application threads were stopped: 0.0001719 seconds, Stopping threads took: 0.0000285 seconds
2020-12-10T22:19:26.530-0800: 30.452: Application time: 0.0028296 seconds
2020-12-10T22:19:26.530-0800: 30.452: Total time for which application threads were stopped: 0.0000852 seconds, Stopping threads took: 0.0000342 seconds
2020-12-10T22:19:27.535-0800: 31.457: Application time: 1.0051482 seconds
2020-12-10T22:19:27.535-0800: 31.457: Total time for which application threads were stopped: 0.0000736 seconds, Stopping threads took: 0.0000149 seconds
2020-12-10T22:19:28.538-0800: 32.460: Application time: 1.0032040 seconds
2020-12-10T22:19:28.538-0800: 32.460: Total time for which application threads were stopped: 0.0000488 seconds, Stopping threads took: 0.0000121 seconds
2020-12-10T22:19:29.539-0800: 33.461: Application time: 1.0009177 seconds
2020-12-10T22:19:29.539-0800: 33.461: Total time for which application threads were stopped: 0.0000873 seconds, Stopping threads took: 0.0000304 seconds
2020-12-10T22:19:29.542-0800: 33.464: Application time: 0.0028007 seconds
2020-12-10T22:19:29.542-0800: 33.464: Total time for which application threads were stopped: 0.0000931 seconds, Stopping threads took: 0.0000341 seconds
2020-12-10T22:19:30.542-0800: 34.464: Application time: 1.0002376 seconds
2020-12-10T22:19:30.542-0800: 34.464: Total time for which application threads were stopped: 0.0000851 seconds, Stopping threads took: 0.0000257 seconds
2020-12-10T22:19:30.544-0800: 34.466: Application time: 0.0017760 seconds
2020-12-10T22:19:30.544-0800: 34.466: Total time for which application threads were stopped: 0.0000549 seconds, Stopping threads took: 0.0000117 seconds
2020-12-10T22:19:31.545-0800: 35.467: Application time: 1.0006742 seconds
2020-12-10T22:19:31.545-0800: 35.467: Total time for which application threads were stopped: 0.0000439 seconds, Stopping threads took: 0.0000106 seconds
2020-12-10T22:19:32.548-0800: 36.470: Application time: 1.0028119 seconds
2020-12-10T22:19:32.548-0800: 36.470: Total time for which application threads were stopped: 0.0000642 seconds, Stopping threads took: 0.0000200 seconds
2020-12-10T22:19:32.550-0800: 36.472: Application time: 0.0022638 seconds
2020-12-10T22:19:32.550-0800: 36.472: Total time for which application threads were stopped: 0.0000589 seconds, Stopping threads took: 0.0000118 seconds
2020-12-10T22:19:33.553-0800: 37.475: Application time: 1.0023668 seconds
2020-12-10T22:19:33.553-0800: 37.475: Total time for which application threads were stopped: 0.0001035 seconds, Stopping threads took: 0.0000223 seconds
2020-12-10T22:19:34.554-0800: 38.476: Application time: 1.0016159 seconds
2020-12-10T22:19:34.554-0800: 38.476: Total time for which application threads were stopped: 0.0000792 seconds, Stopping threads took: 0.0000285 seconds
2020-12-10T22:19:34.622-0800: 38.544: Application time: 0.0680910 seconds
2020-12-10T22:19:34.623-0800: 38.545: Total time for which application threads were stopped: 0.0000645 seconds, Stopping threads took: 0.0000137 seconds
2020-12-10T22:19:34.624-0800: 38.546: Application time: 0.0018933 seconds
2020-12-10T22:19:34.624-0800: 38.546: Total time for which application threads were stopped: 0.0000401 seconds, Stopping threads took: 0.0000107 seconds
2020-12-10T22:19:35.679-0800: 39.601: Application time: 1.0543524 seconds
2020-12-10T22:19:35.679-0800: 39.601: Total time for which application threads were stopped: 0.0000856 seconds, Stopping threads took: 0.0000146 seconds
2020-12-10T22:19:36.680-0800: 40.602: Application time: 1.0010167 seconds
2020-12-10T22:19:36.680-0800: 40.602: Total time for which application threads were stopped: 0.0001108 seconds, Stopping threads took: 0.0000226 seconds
2020-12-10T22:19:37.679-0800: 41.601: Application time: 0.9991056 seconds
2020-12-10T22:19:37.679-0800: 41.601: Total time for which application threads were stopped: 0.0000668 seconds, Stopping threads took: 0.0000160 seconds
2020-12-10T22:19:38.680-0800: 42.602: Application time: 1.0012922 seconds
2020-12-10T22:19:38.681-0800: 42.603: Total time for which application threads were stopped: 0.0001541 seconds, Stopping threads took: 0.0000387 seconds
2020-12-10T22:19:39.679-0800: 43.601: Application time: 0.9984862 seconds
2020-12-10T22:19:39.679-0800: 43.601: Total time for which application threads were stopped: 0.0000616 seconds, Stopping threads took: 0.0000131 seconds
2020-12-10T22:19:40.683-0800: 44.605: Application time: 1.0035000 seconds
2020-12-10T22:19:40.683-0800: 44.605: Total time for which application threads were stopped: 0.0000837 seconds, Stopping threads took: 0.0000315 seconds
2020-12-10T22:19:41.372-0800: 45.294: Application time: 0.6888244 seconds
2020-12-10T22:19:41.372-0800: 45.294: [GC pause (G1 Evacuation Pause) (young)
Desired survivor size 4194304 bytes, new threshold 1 (max 5)
- age   1:    5004912 bytes,    5004912 total
 45.294: [G1Ergonomics (CSet Construction) start choosing CSet, _pending_cards: 0, predicted base time: 7.51 ms, remaining time: 192.49 ms, target pause time: 200.00 ms]
 45.294: [G1Ergonomics (CSet Construction) add young regions to CSet, eden: 8 regions, survivors: 2 regions, predicted young region time: 118.93 ms]
 45.294: [G1Ergonomics (CSet Construction) finish choosing CSet, eden: 8 regions, survivors: 2 regions, old: 0 regions, predicted pause time: 126.44 ms, target pause time: 200.00 ms]
, 0.0041341 secs]
   [Parallel Time: 3.0 ms, GC Workers: 10]
      [GC Worker Start (ms): Min: 45293.7, Avg: 45293.8, Max: 45293.8, Diff: 0.1]
      [Ext Root Scanning (ms): Min: 0.1, Avg: 0.3, Max: 1.4, Diff: 1.3, Sum: 3.1]
      [Update RS (ms): Min: 0.0, Avg: 0.0, Max: 0.0, Diff: 0.0, Sum: 0.0]
         [Processed Buffers: Min: 0, Avg: 0.0, Max: 0, Diff: 0, Sum: 0]
      [Scan RS (ms): Min: 0.0, Avg: 0.0, Max: 0.0, Diff: 0.0, Sum: 0.0]
      [Code Root Scanning (ms): Min: 0.0, Avg: 0.1, Max: 0.8, Diff: 0.8, Sum: 1.0]
      [Object Copy (ms): Min: 1.4, Avg: 2.3, Max: 2.6, Diff: 1.2, Sum: 23.2]
      [Termination (ms): Min: 0.0, Avg: 0.1, Max: 0.1, Diff: 0.1, Sum: 0.6]
         [Termination Attempts: Min: 1, Avg: 11.3, Max: 14, Diff: 13, Sum: 113]
      [GC Worker Other (ms): Min: 0.0, Avg: 0.0, Max: 0.0, Diff: 0.0, Sum: 0.1]
      [GC Worker Total (ms): Min: 2.7, Avg: 2.8, Max: 2.9, Diff: 0.1, Sum: 28.0]
      [GC Worker End (ms): Min: 45296.6, Avg: 45296.6, Max: 45296.6, Diff: 0.0]
   [Code Root Fixup: 0.0 ms]
   [Code Root Purge: 0.0 ms]
   [Clear CT: 0.2 ms]
   [Other: 0.9 ms]
      [Choose CSet: 0.0 ms]
      [Ref Proc: 0.7 ms]
      [Ref Enq: 0.0 ms]
      [Redirty Cards: 0.1 ms]
      [Humongous Register: 0.0 ms]
      [Humongous Reclaim: 0.0 ms]
      [Free CSet: 0.0 ms]
   [Eden: 32.0M(32.0M)->0.0B(32.0M) Survivors: 8192.0K->8192.0K Heap: 36.9M(100.0M)->10215.1K(100.0M)]
 [Times: user=0.03 sys=0.00, real=0.00 secs] 
2020-12-10T22:19:41.376-0800: 45.298: Total time for which application threads were stopped: 0.0043385 seconds, Stopping threads took: 0.0000132 seconds
2020-12-10T22:19:41.749-0800: 45.671: Application time: 0.3730646 seconds
2020-12-10T22:19:41.749-0800: 45.671: Total time for which application threads were stopped: 0.0000623 seconds, Stopping threads took: 0.0000265 seconds
2020-12-10T22:19:42.753-0800: 46.675: Application time: 1.0034667 seconds
2020-12-10T22:19:42.753-0800: 46.675: Total time for which application threads were stopped: 0.0000748 seconds, Stopping threads took: 0.0000247 seconds
2020-12-10T22:19:42.756-0800: 46.678: Application time: 0.0029995 seconds
2020-12-10T22:19:42.756-0800: 46.678: Total time for which application threads were stopped: 0.0000715 seconds, Stopping threads took: 0.0000130 seconds
2020-12-10T22:19:43.756-0800: 47.678: Application time: 1.0005121 seconds
2020-12-10T22:19:43.756-0800: 47.678: Total time for which application threads were stopped: 0.0000473 seconds, Stopping threads took: 0.0000108 seconds
2020-12-10T22:19:44.757-0800: 48.679: Application time: 1.0011977 seconds
2020-12-10T22:19:44.758-0800: 48.680: Total time for which application threads were stopped: 0.0000507 seconds, Stopping threads took: 0.0000179 seconds
2020-12-10T22:19:44.759-0800: 48.681: Application time: 0.0016185 seconds
2020-12-10T22:19:44.759-0800: 48.681: Total time for which application threads were stopped: 0.0000566 seconds, Stopping threads took: 0.0000092 seconds
2020-12-10T22:19:44.760-0800: 48.682: Application time: 0.0012239 seconds
2020-12-10T22:19:44.760-0800: 48.682: Total time for which application threads were stopped: 0.0000386 seconds, Stopping threads took: 0.0000163 seconds
2020-12-10T22:19:45.765-0800: 49.687: Application time: 1.0044917 seconds
2020-12-10T22:19:45.765-0800: 49.687: Total time for which application threads were stopped: 0.0000672 seconds, Stopping threads took: 0.0000162 seconds
2020-12-10T22:19:46.766-0800: 50.688: Application time: 1.0005001 seconds
2020-12-10T22:19:46.766-0800: 50.688: Total time for which application threads were stopped: 0.0000731 seconds, Stopping threads took: 0.0000164 seconds
2020-12-10T22:19:47.771-0800: 51.693: Application time: 1.0049430 seconds
2020-12-10T22:19:47.771-0800: 51.693: Total time for which application threads were stopped: 0.0000668 seconds, Stopping threads took: 0.0000162 seconds
2020-12-10T22:19:48.771-0800: 52.693: Application time: 1.0005307 seconds
2020-12-10T22:19:48.771-0800: 52.693: Total time for which application threads were stopped: 0.0000659 seconds, Stopping threads took: 0.0000142 seconds
2020-12-10T22:19:49.772-0800: 53.694: Application time: 1.0003847 seconds
2020-12-10T22:19:49.772-0800: 53.694: Total time for which application threads were stopped: 0.0000703 seconds, Stopping threads took: 0.0000152 seconds
2020-12-10T22:19:50.772-0800: 54.694: Application time: 1.0000458 seconds
2020-12-10T22:19:50.772-0800: 54.694: Total time for which application threads were stopped: 0.0000834 seconds, Stopping threads took: 0.0000156 seconds
2020-12-10T22:19:51.771-0800: 55.693: Application time: 0.9988520 seconds
2020-12-10T22:19:51.771-0800: 55.693: Total time for which application threads were stopped: 0.0000575 seconds, Stopping threads took: 0.0000118 seconds
2020-12-10T22:19:52.771-0800: 56.693: Application time: 1.0003666 seconds
2020-12-10T22:19:52.771-0800: 56.693: Total time for which application threads were stopped: 0.0000506 seconds, Stopping threads took: 0.0000124 seconds
2020-12-10T22:19:53.774-0800: 57.696: Application time: 1.0024258 seconds
2020-12-10T22:19:53.774-0800: 57.696: Total time for which application threads were stopped: 0.0000770 seconds, Stopping threads took: 0.0000154 seconds
2020-12-10T22:19:54.777-0800: 58.699: Application time: 1.0035710 seconds
2020-12-10T22:19:54.777-0800: 58.699: Total time for which application threads were stopped: 0.0000692 seconds, Stopping threads took: 0.0000158 seconds
2020-12-10T22:19:54.779-0800: 58.701: Application time: 0.0016641 seconds
2020-12-10T22:19:54.779-0800: 58.701: Total time for which application threads were stopped: 0.0000842 seconds, Stopping threads took: 0.0000099 seconds
2020-12-10T22:19:55.778-0800: 59.700: Application time: 0.9987092 seconds
2020-12-10T22:19:55.778-0800: 59.700: Total time for which application threads were stopped: 0.0000761 seconds, Stopping threads took: 0.0000158 seconds
2020-12-10T22:19:56.777-0800: 60.699: Application time: 0.9995879 seconds
2020-12-10T22:19:56.777-0800: 60.699: Total time for which application threads were stopped: 0.0000573 seconds, Stopping threads took: 0.0000134 seconds
2020-12-10T22:19:57.780-0800: 61.702: Application time: 1.0028721 seconds
2020-12-10T22:19:57.780-0800: 61.702: Total time for which application threads were stopped: 0.0000709 seconds, Stopping threads took: 0.0000161 seconds
2020-12-10T22:19:58.782-0800: 62.704: Application time: 1.0020072 seconds
2020-12-10T22:19:58.783-0800: 62.705: Total time for which application threads were stopped: 0.0000831 seconds, Stopping threads took: 0.0000299 seconds
2020-12-10T22:19:58.786-0800: 62.708: Application time: 0.0030920 seconds
2020-12-10T22:19:58.786-0800: 62.708: Total time for which application threads were stopped: 0.0001002 seconds, Stopping threads took: 0.0000215 seconds
2020-12-10T22:19:59.786-0800: 63.708: Application time: 0.9999645 seconds
2020-12-10T22:19:59.786-0800: 63.708: Total time for which application threads were stopped: 0.0000698 seconds, Stopping threads took: 0.0000161 seconds
2020-12-10T22:20:00.787-0800: 64.709: Application time: 1.0012953 seconds
2020-12-10T22:20:00.787-0800: 64.709: Total time for which application threads were stopped: 0.0000779 seconds, Stopping threads took: 0.0000173 seconds
2020-12-10T22:20:01.786-0800: 65.708: Application time: 0.9990293 seconds
2020-12-10T22:20:01.786-0800: 65.708: Total time for which application threads were stopped: 0.0000967 seconds, Stopping threads took: 0.0000382 seconds
2020-12-10T22:20:02.845-0800: 66.767: Application time: 1.0583207 seconds
2020-12-10T22:20:02.845-0800: 66.767: Total time for which application threads were stopped: 0.0000987 seconds, Stopping threads took: 0.0000387 seconds
2020-12-10T22:20:03.848-0800: 67.770: Application time: 1.0036046 seconds
2020-12-10T22:20:03.848-0800: 67.770: Total time for which application threads were stopped: 0.0000584 seconds, Stopping threads took: 0.0000172 seconds
2020-12-10T22:20:03.867-0800: 67.789: Application time: 0.0183806 seconds
2020-12-10T22:20:03.867-0800: 67.789: Total time for which application threads were stopped: 0.0000644 seconds, Stopping threads took: 0.0000140 seconds
2020-12-10T22:20:04.433-0800: 68.355: Application time: 0.5665272 seconds
2020-12-10T22:20:04.433-0800: 68.355: [GC pause (G1 Evacuation Pause) (young)
Desired survivor size 4194304 bytes, new threshold 1 (max 5)
- age   1:    5254200 bytes,    5254200 total
 68.355: [G1Ergonomics (CSet Construction) start choosing CSet, _pending_cards: 1804, predicted base time: 10.67 ms, remaining time: 189.33 ms, target pause time: 200.00 ms]
 68.355: [G1Ergonomics (CSet Construction) add young regions to CSet, eden: 8 regions, survivors: 2 regions, predicted young region time: 75.17 ms]
 68.355: [G1Ergonomics (CSet Construction) finish choosing CSet, eden: 8 regions, survivors: 2 regions, old: 0 regions, predicted pause time: 85.85 ms, target pause time: 200.00 ms]
, 0.0037615 secs]
   [Parallel Time: 3.0 ms, GC Workers: 10]
      [GC Worker Start (ms): Min: 68355.5, Avg: 68355.6, Max: 68355.6, Diff: 0.2]
      [Ext Root Scanning (ms): Min: 0.1, Avg: 0.2, Max: 0.3, Diff: 0.2, Sum: 2.1]
      [Update RS (ms): Min: 0.0, Avg: 0.0, Max: 0.1, Diff: 0.1, Sum: 0.2]
         [Processed Buffers: Min: 0, Avg: 1.0, Max: 3, Diff: 3, Sum: 10]
      [Scan RS (ms): Min: 0.0, Avg: 0.0, Max: 0.0, Diff: 0.0, Sum: 0.0]
      [Code Root Scanning (ms): Min: 0.0, Avg: 0.0, Max: 0.2, Diff: 0.2, Sum: 0.4]
      [Object Copy (ms): Min: 0.0, Avg: 1.1, Max: 2.3, Diff: 2.3, Sum: 10.8]
      [Termination (ms): Min: 0.0, Avg: 1.3, Max: 2.1, Diff: 2.1, Sum: 12.6]
         [Termination Attempts: Min: 1, Avg: 1.0, Max: 1, Diff: 0, Sum: 10]
      [GC Worker Other (ms): Min: 0.0, Avg: 0.0, Max: 0.0, Diff: 0.0, Sum: 0.1]
      [GC Worker Total (ms): Min: 2.5, Avg: 2.6, Max: 2.7, Diff: 0.2, Sum: 26.2]
      [GC Worker End (ms): Min: 68358.1, Avg: 68358.2, Max: 68358.4, Diff: 0.2]
   [Code Root Fixup: 0.0 ms]
   [Code Root Purge: 0.0 ms]
   [Clear CT: 0.1 ms]
   [Other: 0.6 ms]
      [Choose CSet: 0.0 ms]
      [Ref Proc: 0.2 ms]
      [Ref Enq: 0.0 ms]
      [Redirty Cards: 0.2 ms]
      [Humongous Register: 0.0 ms]
      [Humongous Reclaim: 0.0 ms]
      [Free CSet: 0.1 ms]
   [Eden: 32.0M(32.0M)->0.0B(32.0M) Survivors: 8192.0K->8192.0K Heap: 42.0M(100.0M)->14.0M(100.0M)]
 [Times: user=0.02 sys=0.01, real=0.00 secs] 
2020-12-10T22:20:04.437-0800: 68.359: Total time for which application threads were stopped: 0.0039815 seconds, Stopping threads took: 0.0000159 seconds
2020-12-10T22:20:04.847-0800: 68.769: Application time: 0.4096677 seconds
2020-12-10T22:20:04.847-0800: 68.769: Total time for which application threads were stopped: 0.0000730 seconds, Stopping threads took: 0.0000156 seconds
2020-12-10T22:20:04.849-0800: 68.771: Application time: 0.0015754 seconds
2020-12-10T22:20:04.849-0800: 68.771: Total time for which application threads were stopped: 0.0000436 seconds, Stopping threads took: 0.0000108 seconds
2020-12-10T22:20:05.852-0800: 69.774: Application time: 1.0035737 seconds
2020-12-10T22:20:05.852-0800: 69.774: Total time for which application threads were stopped: 0.0000728 seconds, Stopping threads took: 0.0000162 seconds
2020-12-10T22:20:06.877-0800: 70.799: Application time: 1.0242249 seconds
2020-12-10T22:20:06.877-0800: 70.799: Total time for which application threads were stopped: 0.0000640 seconds, Stopping threads took: 0.0000123 seconds
2020-12-10T22:20:07.856-0800: 71.778: Application time: 0.9798307 seconds
2020-12-10T22:20:07.857-0800: 71.779: Total time for which application threads were stopped: 0.0000721 seconds, Stopping threads took: 0.0000170 seconds
2020-12-10T22:20:08.860-0800: 72.782: Application time: 1.0030699 seconds
2020-12-10T22:20:08.860-0800: 72.782: Total time for which application threads were stopped: 0.0000743 seconds, Stopping threads took: 0.0000178 seconds
2020-12-10T22:20:09.865-0800: 73.787: Application time: 1.0050921 seconds
2020-12-10T22:20:09.865-0800: 73.787: Total time for which application threads were stopped: 0.0000693 seconds, Stopping threads took: 0.0000143 seconds
2020-12-10T22:20:10.873-0800: 74.795: Application time: 1.0079486 seconds
2020-12-10T22:20:10.873-0800: 74.795: Total time for which application threads were stopped: 0.0000713 seconds, Stopping threads took: 0.0000169 seconds
2020-12-10T22:20:11.940-0800: 75.862: Application time: 1.0666286 seconds
2020-12-10T22:20:11.940-0800: 75.862: Total time for which application threads were stopped: 0.0000711 seconds, Stopping threads took: 0.0000156 seconds
2020-12-10T22:20:13.013-0800: 76.935: Application time: 1.0736852 seconds
2020-12-10T22:20:13.013-0800: 76.935: Total time for which application threads were stopped: 0.0000751 seconds, Stopping threads took: 0.0000168 seconds
2020-12-10T22:20:14.085-0800: 78.007: Application time: 1.0712995 seconds
2020-12-10T22:20:14.085-0800: 78.007: Total time for which application threads were stopped: 0.0001155 seconds, Stopping threads took: 0.0000229 seconds
2020-12-10T22:20:15.085-0800: 79.007: Application time: 1.0003862 seconds
2020-12-10T22:20:15.085-0800: 79.007: Total time for which application threads were stopped: 0.0000763 seconds, Stopping threads took: 0.0000176 seconds
2020-12-10T22:20:15.087-0800: 79.009: Application time: 0.0018892 seconds
2020-12-10T22:20:15.087-0800: 79.009: Total time for which application threads were stopped: 0.0000686 seconds, Stopping threads took: 0.0000354 seconds
2020-12-10T22:20:16.084-0800: 80.006: Application time: 0.9966575 seconds
2020-12-10T22:20:16.084-0800: 80.006: Total time for which application threads were stopped: 0.0000504 seconds, Stopping threads took: 0.0000110 seconds
2020-12-10T22:20:17.090-0800: 81.012: Application time: 1.0059753 seconds
2020-12-10T22:20:17.090-0800: 81.012: Total time for which application threads were stopped: 0.0000730 seconds, Stopping threads took: 0.0000155 seconds
2020-12-10T22:20:18.091-0800: 82.013: Application time: 1.0005899 seconds
2020-12-10T22:20:18.091-0800: 82.013: Total time for which application threads were stopped: 0.0000775 seconds, Stopping threads took: 0.0000175 seconds
2020-12-10T22:20:19.161-0800: 83.083: Application time: 1.0705588 seconds
2020-12-10T22:20:19.161-0800: 83.083: Total time for which application threads were stopped: 0.0000615 seconds, Stopping threads took: 0.0000176 seconds
2020-12-10T22:20:20.229-0800: 84.151: Application time: 1.0677170 seconds
2020-12-10T22:20:20.229-0800: 84.151: Total time for which application threads were stopped: 0.0001362 seconds, Stopping threads took: 0.0000157 seconds
2020-12-10T22:20:21.296-0800: 85.218: Application time: 1.0666900 seconds
2020-12-10T22:20:21.296-0800: 85.218: Total time for which application threads were stopped: 0.0000602 seconds, Stopping threads took: 0.0000137 seconds
2020-12-10T22:20:22.296-0800: 86.218: Application time: 1.0000802 seconds
2020-12-10T22:20:22.296-0800: 86.218: Total time for which application threads were stopped: 0.0000664 seconds, Stopping threads took: 0.0000168 seconds
2020-12-10T22:20:22.296-0800: 86.218: Application time: 0.0003174 seconds
2020-12-10T22:20:22.296-0800: 86.218: Total time for which application threads were stopped: 0.0000633 seconds, Stopping threads took: 0.0000118 seconds
2020-12-10T22:20:23.297-0800: 87.219: Application time: 1.0006318 seconds
2020-12-10T22:20:23.297-0800: 87.219: Total time for which application threads were stopped: 0.0001061 seconds, Stopping threads took: 0.0000224 seconds
2020-12-10T22:20:24.297-0800: 88.219: Application time: 1.0001492 seconds
2020-12-10T22:20:24.297-0800: 88.219: Total time for which application threads were stopped: 0.0000770 seconds, Stopping threads took: 0.0000273 seconds
2020-12-10T22:20:24.355-0800: 88.277: Application time: 0.0577314 seconds
2020-12-10T22:20:24.355-0800: 88.277: Total time for which application threads were stopped: 0.0000737 seconds, Stopping threads took: 0.0000156 seconds
2020-12-10T22:20:25.355-0800: 89.277: Application time: 1.0002592 seconds
2020-12-10T22:20:25.356-0800: 89.278: Total time for which application threads were stopped: 0.0000939 seconds, Stopping threads took: 0.0000173 seconds
2020-12-10T22:20:25.357-0800: 89.279: Application time: 0.0016300 seconds
2020-12-10T22:20:25.357-0800: 89.279: Total time for which application threads were stopped: 0.0000376 seconds, Stopping threads took: 0.0000091 seconds
2020-12-10T22:20:26.355-0800: 90.277: Application time: 0.9979058 seconds
2020-12-10T22:20:26.355-0800: 90.277: Total time for which application threads were stopped: 0.0000795 seconds, Stopping threads took: 0.0000169 seconds
2020-12-10T22:20:27.429-0800: 91.351: Application time: 1.0734231 seconds
2020-12-10T22:20:27.429-0800: 91.351: Total time for which application threads were stopped: 0.0001121 seconds, Stopping threads took: 0.0000212 seconds
2020-12-10T22:20:28.494-0800: 92.416: Application time: 1.0653853 seconds
2020-12-10T22:20:28.494-0800: 92.416: Total time for which application threads were stopped: 0.0000720 seconds, Stopping threads took: 0.0000164 seconds
2020-12-10T22:20:28.500-0800: 92.422: Application time: 0.0056876 seconds
2020-12-10T22:20:28.500-0800: 92.422: [GC pause (G1 Evacuation Pause) (young)
Desired survivor size 4194304 bytes, new threshold 1 (max 5)
- age   1:    6295648 bytes,    6295648 total
 92.422: [G1Ergonomics (CSet Construction) start choosing CSet, _pending_cards: 1027, predicted base time: 5.45 ms, remaining time: 194.55 ms, target pause time: 200.00 ms]
 92.422: [G1Ergonomics (CSet Construction) add young regions to CSet, eden: 8 regions, survivors: 2 regions, predicted young region time: 51.86 ms]
 92.422: [G1Ergonomics (CSet Construction) finish choosing CSet, eden: 8 regions, survivors: 2 regions, old: 0 regions, predicted pause time: 57.31 ms, target pause time: 200.00 ms]
, 0.0018496 secs]
   [Parallel Time: 0.9 ms, GC Workers: 10]
      [GC Worker Start (ms): Min: 92422.1, Avg: 92422.3, Max: 92422.4, Diff: 0.3]
      [Ext Root Scanning (ms): Min: 0.1, Avg: 0.3, Max: 0.4, Diff: 0.3, Sum: 2.6]
      [Update RS (ms): Min: 0.0, Avg: 0.0, Max: 0.0, Diff: 0.0, Sum: 0.1]
         [Processed Buffers: Min: 0, Avg: 0.7, Max: 4, Diff: 4, Sum: 7]
      [Scan RS (ms): Min: 0.0, Avg: 0.0, Max: 0.0, Diff: 0.0, Sum: 0.0]
      [Code Root Scanning (ms): Min: 0.0, Avg: 0.0, Max: 0.2, Diff: 0.2, Sum: 0.2]
      [Object Copy (ms): Min: 0.0, Avg: 0.1, Max: 0.3, Diff: 0.2, Sum: 0.8]
      [Termination (ms): Min: 0.0, Avg: 0.2, Max: 0.3, Diff: 0.3, Sum: 2.4]
         [Termination Attempts: Min: 1, Avg: 1.0, Max: 1, Diff: 0, Sum: 10]
      [GC Worker Other (ms): Min: 0.0, Avg: 0.0, Max: 0.0, Diff: 0.0, Sum: 0.2]
      [GC Worker Total (ms): Min: 0.4, Avg: 0.6, Max: 0.8, Diff: 0.3, Sum: 6.4]
      [GC Worker End (ms): Min: 92422.8, Avg: 92422.9, Max: 92423.0, Diff: 0.2]
   [Code Root Fixup: 0.0 ms]
   [Code Root Purge: 0.0 ms]
   [Clear CT: 0.2 ms]
   [Other: 0.8 ms]
      [Choose CSet: 0.0 ms]
      [Ref Proc: 0.4 ms]
      [Ref Enq: 0.0 ms]
      [Redirty Cards: 0.2 ms]
      [Humongous Register: 0.0 ms]
      [Humongous Reclaim: 0.0 ms]
      [Free CSet: 0.0 ms]
   [Eden: 32.0M(32.0M)->0.0B(36.0M) Survivors: 8192.0K->4096.0K Heap: 46.0M(100.0M)->8576.9K(100.0M)]
 [Times: user=0.00 sys=0.00, real=0.00 secs] 
2020-12-10T22:20:28.502-0800: 92.424: Total time for which application threads were stopped: 0.0021043 seconds, Stopping threads took: 0.0000187 seconds
2020-12-10T22:20:29.496-0800: 93.418: Application time: 0.9935613 seconds
2020-12-10T22:20:29.496-0800: 93.418: Total time for which application threads were stopped: 0.0000461 seconds, Stopping threads took: 0.0000105 seconds
2020-12-10T22:20:30.499-0800: 94.421: Application time: 1.0029453 seconds
2020-12-10T22:20:30.499-0800: 94.421: Total time for which application threads were stopped: 0.0000545 seconds, Stopping threads took: 0.0000099 seconds
2020-12-10T22:20:31.497-0800: 95.419: Application time: 0.9979484 seconds
2020-12-10T22:20:31.497-0800: 95.419: Total time for which application threads were stopped: 0.0001160 seconds, Stopping threads took: 0.0000217 seconds
2020-12-10T22:20:32.497-0800: 96.419: Application time: 1.0003152 seconds
2020-12-10T22:20:32.497-0800: 96.419: Total time for which application threads were stopped: 0.0000716 seconds, Stopping threads took: 0.0000158 seconds
2020-12-10T22:20:33.496-0800: 97.418: Application time: 0.9988988 seconds
2020-12-10T22:20:33.496-0800: 97.418: Total time for which application threads were stopped: 0.0000566 seconds, Stopping threads took: 0.0000128 seconds
2020-12-10T22:20:34.496-0800: 98.418: Application time: 1.0002627 seconds
2020-12-10T22:20:34.496-0800: 98.418: Total time for which application threads were stopped: 0.0000560 seconds, Stopping threads took: 0.0000118 seconds
2020-12-10T22:20:35.497-0800: 99.419: Application time: 1.0003334 seconds
2020-12-10T22:20:35.497-0800: 99.419: Total time for which application threads were stopped: 0.0000555 seconds, Stopping threads took: 0.0000125 seconds
2020-12-10T22:20:35.498-0800: 99.420: Application time: 0.0014994 seconds
2020-12-10T22:20:35.498-0800: 99.420: Total time for which application threads were stopped: 0.0000454 seconds, Stopping threads took: 0.0000117 seconds
2020-12-10T22:20:36.497-0800: 100.419: Application time: 0.9982793 seconds
2020-12-10T22:20:36.497-0800: 100.419: Total time for which application threads were stopped: 0.0000602 seconds, Stopping threads took: 0.0000121 seconds
2020-12-10T22:20:37.497-0800: 101.419: Application time: 1.0000659 seconds
2020-12-10T22:20:37.497-0800: 101.419: Total time for which application threads were stopped: 0.0000633 seconds, Stopping threads took: 0.0000293 seconds
2020-12-10T22:20:37.497-0800: 101.419: Application time: 0.0001369 seconds
2020-12-10T22:20:37.497-0800: 101.419: Total time for which application threads were stopped: 0.0000458 seconds, Stopping threads took: 0.0000077 seconds
2020-12-10T22:20:38.498-0800: 102.420: Application time: 1.0009869 seconds
2020-12-10T22:20:38.498-0800: 102.420: Total time for which application threads were stopped: 0.0000677 seconds, Stopping threads took: 0.0000149 seconds
2020-12-10T22:20:39.504-0800: 103.426: Application time: 1.0056221 seconds
2020-12-10T22:20:39.504-0800: 103.426: Total time for which application threads were stopped: 0.0000729 seconds, Stopping threads took: 0.0000171 seconds
2020-12-10T22:20:40.506-0800: 104.428: Application time: 1.0018490 seconds
2020-12-10T22:20:40.506-0800: 104.428: Total time for which application threads were stopped: 0.0000685 seconds, Stopping threads took: 0.0000146 seconds
2020-12-10T22:20:41.505-0800: 105.427: Application time: 0.9997874 seconds
2020-12-10T22:20:41.506-0800: 105.428: Total time for which application threads were stopped: 0.0000744 seconds, Stopping threads took: 0.0000152 seconds
2020-12-10T22:20:42.506-0800: 106.428: Application time: 1.0000915 seconds
2020-12-10T22:20:42.506-0800: 106.428: Total time for which application threads were stopped: 0.0000729 seconds, Stopping threads took: 0.0000172 seconds
2020-12-10T22:20:43.523-0800: 107.445: Application time: 1.0171535 seconds
2020-12-10T22:20:43.523-0800: 107.445: Total time for which application threads were stopped: 0.0000483 seconds, Stopping threads took: 0.0000114 seconds
2020-12-10T22:20:44.575-0800: 108.497: Application time: 1.0519081 seconds
2020-12-10T22:20:44.575-0800: 108.497: Total time for which application threads were stopped: 0.0000951 seconds, Stopping threads took: 0.0000344 seconds
2020-12-10T22:20:45.639-0800: 109.561: Application time: 1.0640300 seconds
2020-12-10T22:20:45.639-0800: 109.561: Total time for which application threads were stopped: 0.0000729 seconds, Stopping threads took: 0.0000164 seconds
2020-12-10T22:20:45.641-0800: 109.563: Application time: 0.0014596 seconds
2020-12-10T22:20:45.641-0800: 109.563: Total time for which application threads were stopped: 0.0000766 seconds, Stopping threads took: 0.0000204 seconds
2020-12-10T22:20:46.654-0800: 110.576: Application time: 1.0133011 seconds
2020-12-10T22:20:46.654-0800: 110.576: Total time for which application threads were stopped: 0.0000704 seconds, Stopping threads took: 0.0000159 seconds
2020-12-10T22:20:47.726-0800: 111.648: Application time: 1.0716911 seconds
2020-12-10T22:20:47.726-0800: 111.648: Total time for which application threads were stopped: 0.0000586 seconds, Stopping threads took: 0.0000116 seconds
2020-12-10T22:20:48.797-0800: 112.719: Application time: 1.0714447 seconds
2020-12-10T22:20:48.797-0800: 112.719: Total time for which application threads were stopped: 0.0000679 seconds, Stopping threads took: 0.0000146 seconds
2020-12-10T22:20:49.869-0800: 113.791: Application time: 1.0712971 seconds
2020-12-10T22:20:49.869-0800: 113.791: Total time for which application threads were stopped: 0.0001009 seconds, Stopping threads took: 0.0000203 seconds
2020-12-10T22:20:50.869-0800: 114.791: Application time: 0.9998755 seconds
2020-12-10T22:20:50.869-0800: 114.791: Total time for which application threads were stopped: 0.0001089 seconds, Stopping threads took: 0.0000250 seconds
2020-12-10T22:20:51.867-0800: 115.789: Application time: 0.9985629 seconds
2020-12-10T22:20:51.867-0800: 115.789: Total time for which application threads were stopped: 0.0000486 seconds, Stopping threads took: 0.0000104 seconds
2020-12-10T22:20:52.869-0800: 116.791: Application time: 1.0019047 seconds
2020-12-10T22:20:52.869-0800: 116.791: Total time for which application threads were stopped: 0.0000499 seconds, Stopping threads took: 0.0000113 seconds
2020-12-10T22:20:53.870-0800: 117.792: Application time: 1.0005228 seconds
2020-12-10T22:20:53.870-0800: 117.792: Total time for which application threads were stopped: 0.0001330 seconds, Stopping threads took: 0.0000492 seconds
2020-12-10T22:20:54.571-0800: 118.493: Application time: 0.7013293 seconds
2020-12-10T22:20:54.571-0800: 118.493: [GC pause (G1 Evacuation Pause) (young)
Desired survivor size 4194304 bytes, new threshold 5 (max 5)
- age   1:    2098608 bytes,    2098608 total
 118.493: [G1Ergonomics (CSet Construction) start choosing CSet, _pending_cards: 1544, predicted base time: 4.77 ms, remaining time: 195.23 ms, target pause time: 200.00 ms]
 118.493: [G1Ergonomics (CSet Construction) add young regions to CSet, eden: 9 regions, survivors: 1 regions, predicted young region time: 25.34 ms]
 118.493: [G1Ergonomics (CSet Construction) finish choosing CSet, eden: 9 regions, survivors: 1 regions, old: 0 regions, predicted pause time: 30.10 ms, target pause time: 200.00 ms]
, 0.0065041 secs]
   [Parallel Time: 5.9 ms, GC Workers: 10]
      [GC Worker Start (ms): Min: 118493.4, Avg: 118493.4, Max: 118493.6, Diff: 0.3]
      [Ext Root Scanning (ms): Min: 0.0, Avg: 0.1, Max: 0.2, Diff: 0.2, Sum: 1.4]
      [Update RS (ms): Min: 0.0, Avg: 0.0, Max: 0.0, Diff: 0.0, Sum: 0.1]
         [Processed Buffers: Min: 0, Avg: 1.0, Max: 2, Diff: 2, Sum: 10]
      [Scan RS (ms): Min: 0.0, Avg: 0.0, Max: 0.0, Diff: 0.0, Sum: 0.0]
      [Code Root Scanning (ms): Min: 0.0, Avg: 0.0, Max: 0.1, Diff: 0.1, Sum: 0.1]
      [Object Copy (ms): Min: 4.2, Avg: 4.8, Max: 5.5, Diff: 1.3, Sum: 47.6]
      [Termination (ms): Min: 0.0, Avg: 0.8, Max: 1.3, Diff: 1.3, Sum: 7.9]
         [Termination Attempts: Min: 1, Avg: 1.0, Max: 1, Diff: 0, Sum: 10]
      [GC Worker Other (ms): Min: 0.0, Avg: 0.0, Max: 0.0, Diff: 0.0, Sum: 0.1]
      [GC Worker Total (ms): Min: 5.5, Avg: 5.7, Max: 5.9, Diff: 0.4, Sum: 57.2]
      [GC Worker End (ms): Min: 118499.1, Avg: 118499.2, Max: 118499.3, Diff: 0.2]
   [Code Root Fixup: 0.0 ms]
   [Code Root Purge: 0.0 ms]
   [Clear CT: 0.1 ms]
   [Other: 0.5 ms]
      [Choose CSet: 0.0 ms]
      [Ref Proc: 0.3 ms]
      [Ref Enq: 0.0 ms]
      [Redirty Cards: 0.1 ms]
      [Humongous Register: 0.0 ms]
      [Humongous Reclaim: 0.0 ms]
      [Free CSet: 0.0 ms]
   [Eden: 36.0M(36.0M)->0.0B(32.0M) Survivors: 4096.0K->8192.0K Heap: 44.4M(100.0M)->30.0M(100.0M)]
 [Times: user=0.01 sys=0.03, real=0.00 secs] 
2020-12-10T22:20:54.578-0800: 118.500: Total time for which application threads were stopped: 0.0066707 seconds, Stopping threads took: 0.0000125 seconds
2020-12-10T22:20:54.870-0800: 118.792: Application time: 0.2922493 seconds
2020-12-10T22:20:54.870-0800: 118.792: Total time for which application threads were stopped: 0.0000710 seconds, Stopping threads took: 0.0000225 seconds
2020-12-10T22:20:55.869-0800: 119.791: Application time: 0.9988327 seconds
2020-12-10T22:20:55.869-0800: 119.791: Total time for which application threads were stopped: 0.0000619 seconds, Stopping threads took: 0.0000217 seconds
2020-12-10T22:20:55.870-0800: 119.792: Application time: 0.0009798 seconds
2020-12-10T22:20:55.870-0800: 119.792: Total time for which application threads were stopped: 0.0000454 seconds, Stopping threads took: 0.0000082 seconds
2020-12-10T22:20:56.875-0800: 120.797: Application time: 1.0048805 seconds
2020-12-10T22:20:56.875-0800: 120.797: Total time for which application threads were stopped: 0.0000771 seconds, Stopping threads took: 0.0000158 seconds
2020-12-10T22:20:57.875-0800: 121.797: Application time: 0.9996319 seconds
2020-12-10T22:20:57.875-0800: 121.797: Total time for which application threads were stopped: 0.0000565 seconds, Stopping threads took: 0.0000112 seconds
2020-12-10T22:20:58.879-0800: 122.801: Application time: 1.0044286 seconds
2020-12-10T22:20:58.879-0800: 122.801: Total time for which application threads were stopped: 0.0000663 seconds, Stopping threads took: 0.0000250 seconds
2020-12-10T22:20:59.953-0800: 123.875: Application time: 1.0737902 seconds
2020-12-10T22:20:59.953-0800: 123.875: Total time for which application threads were stopped: 0.0000714 seconds, Stopping threads took: 0.0000164 seconds
2020-12-10T22:21:01.027-0800: 124.949: Application time: 1.0736606 seconds
2020-12-10T22:21:01.027-0800: 124.949: Total time for which application threads were stopped: 0.0000917 seconds, Stopping threads took: 0.0000338 seconds
2020-12-10T22:21:02.091-0800: 126.013: Application time: 1.0644684 seconds
2020-12-10T22:21:02.092-0800: 126.014: Total time for which application threads were stopped: 0.0001086 seconds, Stopping threads took: 0.0000298 seconds
2020-12-10T22:21:02.094-0800: 126.016: Application time: 0.0024671 seconds
2020-12-10T22:21:02.094-0800: 126.016: Total time for which application threads were stopped: 0.0000415 seconds, Stopping threads took: 0.0000113 seconds
2020-12-10T22:21:03.092-0800: 127.014: Application time: 0.9982905 seconds
2020-12-10T22:21:03.092-0800: 127.014: Total time for which application threads were stopped: 0.0000787 seconds, Stopping threads took: 0.0000168 seconds
2020-12-10T22:21:04.093-0800: 128.015: Application time: 1.0005599 seconds
2020-12-10T22:21:04.093-0800: 128.015: Total time for which application threads were stopped: 0.0000793 seconds, Stopping threads took: 0.0000148 seconds
2020-12-10T22:21:05.094-0800: 129.016: Application time: 1.0006715 seconds
2020-12-10T22:21:05.094-0800: 129.016: Total time for which application threads were stopped: 0.0000780 seconds, Stopping threads took: 0.0000159 seconds
2020-12-10T22:21:06.169-0800: 130.091: Application time: 1.0747910 seconds
2020-12-10T22:21:06.169-0800: 130.091: Total time for which application threads were stopped: 0.0001116 seconds, Stopping threads took: 0.0000248 seconds
2020-12-10T22:21:06.170-0800: 130.092: Application time: 0.0016890 seconds
2020-12-10T22:21:06.170-0800: 130.092: Total time for which application threads were stopped: 0.0000785 seconds, Stopping threads took: 0.0000360 seconds
2020-12-10T22:21:07.235-0800: 131.157: Application time: 1.0641230 seconds
2020-12-10T22:21:07.235-0800: 131.157: Total time for which application threads were stopped: 0.0000785 seconds, Stopping threads took: 0.0000173 seconds
2020-12-10T22:21:08.235-0800: 132.157: Application time: 1.0001574 seconds
2020-12-10T22:21:08.235-0800: 132.157: Total time for which application threads were stopped: 0.0001042 seconds, Stopping threads took: 0.0000413 seconds
2020-12-10T22:21:09.233-0800: 133.155: Application time: 0.9983549 seconds
2020-12-10T22:21:09.233-0800: 133.155: Total time for which application threads were stopped: 0.0000562 seconds, Stopping threads took: 0.0000113 seconds
2020-12-10T22:21:10.308-0800: 134.230: Application time: 1.0741508 seconds
2020-12-10T22:21:10.308-0800: 134.230: Total time for which application threads were stopped: 0.0000998 seconds, Stopping threads took: 0.0000373 seconds
2020-12-10T22:21:11.307-0800: 135.229: Application time: 0.9991556 seconds
2020-12-10T22:21:11.307-0800: 135.229: Total time for which application threads were stopped: 0.0000746 seconds, Stopping threads took: 0.0000164 seconds
2020-12-10T22:21:12.309-0800: 136.231: Application time: 1.0021389 seconds
2020-12-10T22:21:12.309-0800: 136.231: Total time for which application threads were stopped: 0.0000529 seconds, Stopping threads took: 0.0000109 seconds
2020-12-10T22:21:13.310-0800: 137.232: Application time: 1.0005042 seconds
2020-12-10T22:21:13.310-0800: 137.232: Total time for which application threads were stopped: 0.0001003 seconds, Stopping threads took: 0.0000300 seconds
2020-12-10T22:21:13.313-0800: 137.235: Application time: 0.0029543 seconds
2020-12-10T22:21:13.313-0800: 137.235: Total time for which application threads were stopped: 0.0001068 seconds, Stopping threads took: 0.0000204 seconds
2020-12-10T22:21:14.312-0800: 138.234: Application time: 0.9996702 seconds
2020-12-10T22:21:14.313-0800: 138.235: Total time for which application threads were stopped: 0.0000799 seconds, Stopping threads took: 0.0000182 seconds
2020-12-10T22:21:15.317-0800: 139.239: Application time: 1.0049475 seconds
2020-12-10T22:21:15.318-0800: 139.240: Total time for which application threads were stopped: 0.0001120 seconds, Stopping threads took: 0.0000298 seconds
2020-12-10T22:21:16.390-0800: 140.312: Application time: 1.0720973 seconds
2020-12-10T22:21:16.390-0800: 140.312: Total time for which application threads were stopped: 0.0000654 seconds, Stopping threads took: 0.0000138 seconds
2020-12-10T22:21:16.391-0800: 140.313: Application time: 0.0014906 seconds
2020-12-10T22:21:16.391-0800: 140.313: Total time for which application threads were stopped: 0.0000505 seconds, Stopping threads took: 0.0000132 seconds
2020-12-10T22:21:17.391-0800: 141.313: Application time: 0.9995416 seconds
2020-12-10T22:21:17.391-0800: 141.313: Total time for which application threads were stopped: 0.0000781 seconds, Stopping threads took: 0.0000161 seconds
2020-12-10T22:21:18.391-0800: 142.313: Application time: 0.9997153 seconds
2020-12-10T22:21:18.391-0800: 142.313: Total time for which application threads were stopped: 0.0001186 seconds, Stopping threads took: 0.0000223 seconds
2020-12-10T22:21:18.647-0800: 142.569: Application time: 0.2559583 seconds
2020-12-10T22:21:18.647-0800: 142.569: [GC pause (G1 Evacuation Pause) (young)
Desired survivor size 4194304 bytes, new threshold 1 (max 5)
- age   1:    6293680 bytes,    6293680 total
- age   2:       1424 bytes,    6295104 total
 142.569: [G1Ergonomics (CSet Construction) start choosing CSet, _pending_cards: 1549, predicted base time: 3.84 ms, remaining time: 196.16 ms, target pause time: 200.00 ms]
 142.569: [G1Ergonomics (CSet Construction) add young regions to CSet, eden: 8 regions, survivors: 2 regions, predicted young region time: 41.62 ms]
 142.569: [G1Ergonomics (CSet Construction) finish choosing CSet, eden: 8 regions, survivors: 2 regions, old: 0 regions, predicted pause time: 45.45 ms, target pause time: 200.00 ms]
 142.580: [G1Ergonomics (Heap Sizing) attempt heap expansion, reason: region allocation request failed, allocation request: 1048592 bytes]
 142.580: [G1Ergonomics (Heap Sizing) expand the heap, requested expansion amount: 1048592 bytes, attempted expansion amount: 4194304 bytes]
 142.580: [G1Ergonomics (Heap Sizing) did not expand the heap, reason: heap already fully expanded]
 142.583: [G1Ergonomics (Concurrent Cycles) request concurrent cycle initiation, reason: occupancy higher than threshold, occupancy: 58720256 bytes, allocation request: 0 bytes, threshold: 47185920 bytes (45.00 %), source: end of GC]
 (to-space exhausted), 0.0140513 secs]
   [Parallel Time: 12.7 ms, GC Workers: 10]
      [GC Worker Start (ms): Min: 142569.0, Avg: 142569.2, Max: 142569.4, Diff: 0.4]
      [Ext Root Scanning (ms): Min: 0.1, Avg: 0.3, Max: 0.6, Diff: 0.4, Sum: 3.1]
      [Update RS (ms): Min: 0.0, Avg: 0.0, Max: 0.1, Diff: 0.1, Sum: 0.3]
         [Processed Buffers: Min: 0, Avg: 1.2, Max: 5, Diff: 5, Sum: 12]
      [Scan RS (ms): Min: 0.0, Avg: 0.0, Max: 0.0, Diff: 0.0, Sum: 0.0]
      [Code Root Scanning (ms): Min: 0.0, Avg: 0.0, Max: 0.1, Diff: 0.1, Sum: 0.1]
      [Object Copy (ms): Min: 10.6, Avg: 11.1, Max: 11.9, Diff: 1.3, Sum: 111.2]
      [Termination (ms): Min: 0.0, Avg: 0.8, Max: 1.4, Diff: 1.4, Sum: 8.1]
         [Termination Attempts: Min: 1, Avg: 1.0, Max: 1, Diff: 0, Sum: 10]
      [GC Worker Other (ms): Min: 0.0, Avg: 0.0, Max: 0.0, Diff: 0.0, Sum: 0.1]
      [GC Worker Total (ms): Min: 12.1, Avg: 12.3, Max: 12.6, Diff: 0.5, Sum: 123.0]
      [GC Worker End (ms): Min: 142581.4, Avg: 142581.5, Max: 142581.6, Diff: 0.2]
   [Code Root Fixup: 0.0 ms]
   [Code Root Purge: 0.0 ms]
   [Clear CT: 0.1 ms]
   [Other: 1.2 ms]
      [Evacuation Failure: 0.6 ms]
      [Choose CSet: 0.0 ms]
      [Ref Proc: 0.3 ms]
      [Ref Enq: 0.0 ms]
      [Redirty Cards: 0.1 ms]
      [Humongous Register: 0.0 ms]
      [Humongous Reclaim: 0.0 ms]
      [Free CSet: 0.0 ms]
   [Eden: 32.0M(32.0M)->0.0B(32.0M) Survivors: 8192.0K->8192.0K Heap: 62.0M(100.0M)->64.0M(100.0M)]
 [Times: user=0.03 sys=0.07, real=0.02 secs] 
2020-12-10T22:21:18.661-0800: 142.583: Total time for which application threads were stopped: 0.0142520 seconds, Stopping threads took: 0.0000275 seconds
2020-12-10T22:21:19.390-0800: 143.312: Application time: 0.7291588 seconds
2020-12-10T22:21:19.390-0800: 143.312: Total time for which application threads were stopped: 0.0000758 seconds, Stopping threads took: 0.0000163 seconds
2020-12-10T22:21:20.390-0800: 144.312: Application time: 1.0000817 seconds
2020-12-10T22:21:20.390-0800: 144.312: Total time for which application threads were stopped: 0.0000769 seconds, Stopping threads took: 0.0000166 seconds
2020-12-10T22:21:21.391-0800: 145.313: Application time: 1.0007150 seconds
2020-12-10T22:21:21.391-0800: 145.313: Total time for which application threads were stopped: 0.0000850 seconds, Stopping threads took: 0.0000197 seconds
2020-12-10T22:21:22.391-0800: 146.313: Application time: 0.9994888 seconds
2020-12-10T22:21:22.391-0800: 146.313: Total time for which application threads were stopped: 0.0000651 seconds, Stopping threads took: 0.0000138 seconds
2020-12-10T22:21:23.391-0800: 147.313: Application time: 0.9999892 seconds
2020-12-10T22:21:23.391-0800: 147.313: Total time for which application threads were stopped: 0.0000696 seconds, Stopping threads took: 0.0000141 seconds
2020-12-10T22:21:24.392-0800: 148.314: Application time: 1.0012366 seconds
2020-12-10T22:21:24.392-0800: 148.314: Total time for which application threads were stopped: 0.0000540 seconds, Stopping threads took: 0.0000111 seconds
2020-12-10T22:21:25.468-0800: 149.390: Application time: 1.0757508 seconds
2020-12-10T22:21:25.468-0800: 149.390: Total time for which application threads were stopped: 0.0001213 seconds, Stopping threads took: 0.0000241 seconds
2020-12-10T22:21:26.541-0800: 150.463: Application time: 1.0730993 seconds
2020-12-10T22:21:26.541-0800: 150.463: Total time for which application threads were stopped: 0.0001235 seconds, Stopping threads took: 0.0000293 seconds
2020-12-10T22:21:26.543-0800: 150.465: Application time: 0.0018923 seconds
2020-12-10T22:21:26.543-0800: 150.465: Total time for which application threads were stopped: 0.0000565 seconds, Stopping threads took: 0.0000133 seconds
2020-12-10T22:21:27.604-0800: 151.526: Application time: 1.0611284 seconds
2020-12-10T22:21:27.604-0800: 151.526: Total time for which application threads were stopped: 0.0000857 seconds, Stopping threads took: 0.0000164 seconds
2020-12-10T22:21:28.605-0800: 152.527: Application time: 1.0003633 seconds
2020-12-10T22:21:28.605-0800: 152.527: Total time for which application threads were stopped: 0.0000401 seconds, Stopping threads took: 0.0000137 seconds
2020-12-10T22:21:28.673-0800: 152.595: Application time: 0.0686101 seconds
2020-12-10T22:21:28.673-0800: 152.595: Total time for which application threads were stopped: 0.0000436 seconds, Stopping threads took: 0.0000088 seconds
2020-12-10T22:21:29.743-0800: 153.665: Application time: 1.0691280 seconds
2020-12-10T22:21:29.743-0800: 153.665: Total time for which application threads were stopped: 0.0001125 seconds, Stopping threads took: 0.0000229 seconds
2020-12-10T22:21:30.813-0800: 154.735: Application time: 1.0705748 seconds
2020-12-10T22:21:30.813-0800: 154.735: Total time for which application threads were stopped: 0.0000806 seconds, Stopping threads took: 0.0000178 seconds
2020-12-10T22:21:31.868-0800: 155.790: Application time: 1.0546188 seconds
2020-12-10T22:21:31.868-0800: 155.790: Total time for which application threads were stopped: 0.0001312 seconds, Stopping threads took: 0.0000249 seconds
2020-12-10T22:21:32.871-0800: 156.793: Application time: 1.0025446 seconds
2020-12-10T22:21:32.871-0800: 156.793: Total time for which application threads were stopped: 0.0000869 seconds, Stopping threads took: 0.0000153 seconds
2020-12-10T22:21:33.869-0800: 157.791: Application time: 0.9984598 seconds
2020-12-10T22:21:33.869-0800: 157.791: Total time for which application threads were stopped: 0.0000502 seconds, Stopping threads took: 0.0000095 seconds
2020-12-10T22:21:34.871-0800: 158.793: Application time: 1.0017664 seconds
2020-12-10T22:21:34.871-0800: 158.793: Total time for which application threads were stopped: 0.0000819 seconds, Stopping threads took: 0.0000165 seconds
2020-12-10T22:21:35.938-0800: 159.860: Application time: 1.0669153 seconds
2020-12-10T22:21:35.938-0800: 159.860: Total time for which application threads were stopped: 0.0000759 seconds, Stopping threads took: 0.0000162 seconds
2020-12-10T22:21:37.006-0800: 160.928: Application time: 1.0673421 seconds
2020-12-10T22:21:37.006-0800: 160.928: Total time for which application threads were stopped: 0.0000785 seconds, Stopping threads took: 0.0000169 seconds
2020-12-10T22:21:37.007-0800: 160.929: Application time: 0.0017234 seconds
2020-12-10T22:21:37.007-0800: 160.929: Total time for which application threads were stopped: 0.0000485 seconds, Stopping threads took: 0.0000132 seconds
2020-12-10T22:21:38.005-0800: 161.927: Application time: 0.9979431 seconds
2020-12-10T22:21:38.005-0800: 161.927: Total time for which application threads were stopped: 0.0000756 seconds, Stopping threads took: 0.0000143 seconds
2020-12-10T22:21:39.005-0800: 162.927: Application time: 0.9995267 seconds
2020-12-10T22:21:39.005-0800: 162.927: Total time for which application threads were stopped: 0.0000662 seconds, Stopping threads took: 0.0000231 seconds
2020-12-10T22:21:40.011-0800: 163.933: Application time: 1.0064548 seconds
2020-12-10T22:21:40.012-0800: 163.934: Total time for which application threads were stopped: 0.0000746 seconds, Stopping threads took: 0.0000153 seconds
2020-12-10T22:21:41.016-0800: 164.938: Application time: 1.0046966 seconds
2020-12-10T22:21:41.016-0800: 164.938: Total time for which application threads were stopped: 0.0000785 seconds, Stopping threads took: 0.0000181 seconds
2020-12-10T22:21:42.020-0800: 165.942: Application time: 1.0038664 seconds
2020-12-10T22:21:42.020-0800: 165.942: Total time for which application threads were stopped: 0.0000783 seconds, Stopping threads took: 0.0000188 seconds
2020-12-10T22:21:42.723-0800: 166.645: Application time: 0.7023123 seconds
 166.645: [G1Ergonomics (Concurrent Cycles) initiate concurrent cycle, reason: concurrent cycle initiation requested]
2020-12-10T22:21:42.723-0800: 166.645: [GC pause (G1 Evacuation Pause) (young) (initial-mark)
Desired survivor size 4194304 bytes, new threshold 1 (max 5)
- age   1:    6312824 bytes,    6312824 total
 166.645: [G1Ergonomics (CSet Construction) start choosing CSet, _pending_cards: 3334, predicted base time: 5.29 ms, remaining time: 194.71 ms, target pause time: 200.00 ms]
 166.645: [G1Ergonomics (CSet Construction) add young regions to CSet, eden: 8 regions, survivors: 2 regions, predicted young region time: 64.60 ms]
 166.645: [G1Ergonomics (CSet Construction) finish choosing CSet, eden: 8 regions, survivors: 2 regions, old: 0 regions, predicted pause time: 69.89 ms, target pause time: 200.00 ms]
 166.645: [G1Ergonomics (Heap Sizing) attempt heap expansion, reason: region allocation request failed, allocation request: 376 bytes]
 166.645: [G1Ergonomics (Heap Sizing) expand the heap, requested expansion amount: 376 bytes, attempted expansion amount: 4194304 bytes]
 166.645: [G1Ergonomics (Heap Sizing) did not expand the heap, reason: heap already fully expanded]
 (to-space exhausted), 0.0036140 secs]
   [Parallel Time: 1.3 ms, GC Workers: 10]
      [GC Worker Start (ms): Min: 166644.8, Avg: 166645.0, Max: 166645.1, Diff: 0.3]
      [Ext Root Scanning (ms): Min: 0.3, Avg: 0.4, Max: 0.5, Diff: 0.3, Sum: 3.7]
      [Update RS (ms): Min: 0.0, Avg: 0.0, Max: 0.1, Diff: 0.1, Sum: 0.1]
         [Processed Buffers: Min: 0, Avg: 1.7, Max: 17, Diff: 17, Sum: 17]
      [Scan RS (ms): Min: 0.0, Avg: 0.0, Max: 0.0, Diff: 0.0, Sum: 0.0]
      [Code Root Scanning (ms): Min: 0.0, Avg: 0.0, Max: 0.1, Diff: 0.1, Sum: 0.1]
      [Object Copy (ms): Min: 0.3, Avg: 0.5, Max: 0.5, Diff: 0.2, Sum: 4.5]
      [Termination (ms): Min: 0.0, Avg: 0.1, Max: 0.2, Diff: 0.2, Sum: 1.0]
         [Termination Attempts: Min: 1, Avg: 1.0, Max: 1, Diff: 0, Sum: 10]
      [GC Worker Other (ms): Min: 0.0, Avg: 0.0, Max: 0.0, Diff: 0.0, Sum: 0.1]
      [GC Worker Total (ms): Min: 0.8, Avg: 1.0, Max: 1.1, Diff: 0.3, Sum: 9.6]
      [GC Worker End (ms): Min: 166645.9, Avg: 166645.9, Max: 166646.0, Diff: 0.1]
   [Code Root Fixup: 0.0 ms]
   [Code Root Purge: 0.0 ms]
   [Clear CT: 0.2 ms]
   [Other: 2.1 ms]
      [Evacuation Failure: 1.5 ms]
      [Choose CSet: 0.0 ms]
      [Ref Proc: 0.2 ms]
      [Ref Enq: 0.0 ms]
      [Redirty Cards: 0.2 ms]
      [Humongous Register: 0.0 ms]
      [Humongous Reclaim: 0.0 ms]
      [Free CSet: 0.0 ms]
   [Eden: 32.0M(32.0M)->0.0B(36.0M) Survivors: 8192.0K->4096.0K Heap: 96.0M(100.0M)->100.0M(100.0M)]
 [Times: user=0.02 sys=0.00, real=0.00 secs] 
2020-12-10T22:21:42.726-0800: 166.648: 2020-12-10T22:21:42.726-0800: Total time for which application threads were stopped: 0.0038903 seconds, Stopping threads took: 0.0000259 seconds
166.648: [GC concurrent-root-region-scan-start]
2020-12-10T22:21:42.727-0800: 166.649: Application time: 0.0000440 seconds
 166.649: [G1Ergonomics (Heap Sizing) attempt heap expansion, reason: allocation request failed, allocation request: 1048592 bytes]
 166.649: [G1Ergonomics (Heap Sizing) expand the heap, requested expansion amount: 4194304 bytes, attempted expansion amount: 4194304 bytes]
 166.649: [G1Ergonomics (Heap Sizing) did not expand the heap, reason: heap already fully expanded]
2020-12-10T22:21:42.727-0800: 166.649: [Full GC (Allocation Failure) 2020-12-10T22:21:42.727-0800: 166.649: [GC concurrent-root-region-scan-end, 0.0004250 secs]
2020-12-10T22:21:42.727-0800: 166.649: [GC concurrent-mark-start]
 100M->68M(100M), 0.0213912 secs]
   [Eden: 0.0B(36.0M)->0.0B(40.0M) Survivors: 4096.0K->0.0B Heap: 100.0M(100.0M)->68.4M(100.0M)], [Metaspace: 8794K->8645K(1056768K)]
 [Times: user=0.02 sys=0.00, real=0.02 secs] 
2020-12-10T22:21:42.748-0800: 166.670: Total time for which application threads were stopped: 0.0215384 seconds, Stopping threads took: 0.0000091 seconds
2020-12-10T22:21:42.748-0800: 166.670: [GC concurrent-mark-abort]
2020-12-10T22:21:43.029-0800: 166.951: Application time: 0.2809013 seconds
2020-12-10T22:21:43.029-0800: 166.951: Total time for which application threads were stopped: 0.0000717 seconds, Stopping threads took: 0.0000117 seconds
2020-12-10T22:21:43.031-0800: 166.953: Application time: 0.0023529 seconds
2020-12-10T22:21:43.031-0800: 166.953: Total time for which application threads were stopped: 0.0000711 seconds, Stopping threads took: 0.0000278 seconds
2020-12-10T22:21:44.026-0800: 167.948: Application time: 0.9943737 seconds
2020-12-10T22:21:44.026-0800: 167.948: Total time for which application threads were stopped: 0.0000505 seconds, Stopping threads took: 0.0000102 seconds
2020-12-10T22:21:45.030-0800: 168.952: Application time: 1.0040389 seconds
2020-12-10T22:21:45.030-0800: 168.952: Total time for which application threads were stopped: 0.0000791 seconds, Stopping threads took: 0.0000156 seconds
2020-12-10T22:21:46.030-0800: 169.952: Application time: 0.9997047 seconds
2020-12-10T22:21:46.030-0800: 169.952: Total time for which application threads were stopped: 0.0000619 seconds, Stopping threads took: 0.0000125 seconds
2020-12-10T22:21:47.035-0800: 170.957: Application time: 1.0053058 seconds
2020-12-10T22:21:47.035-0800: 170.957: Total time for which application threads were stopped: 0.0000771 seconds, Stopping threads took: 0.0000159 seconds
2020-12-10T22:21:47.037-0800: 170.959: Application time: 0.0017299 seconds
2020-12-10T22:21:47.037-0800: 170.959: Total time for which application threads were stopped: 0.0000489 seconds, Stopping threads took: 0.0000122 seconds
2020-12-10T22:21:47.766-0800: 171.688: Application time: 0.7293684 seconds
2020-12-10T22:21:47.766-0800: 171.688: [GC pause (G1 Evacuation Pause) (young)
Desired survivor size 4194304 bytes, new threshold 5 (max 5)
- age   1:    3149136 bytes,    3149136 total
 171.688: [G1Ergonomics (CSet Construction) start choosing CSet, _pending_cards: 41, predicted base time: 2.60 ms, remaining time: 197.40 ms, target pause time: 200.00 ms]
 171.688: [G1Ergonomics (CSet Construction) add young regions to CSet, eden: 2 regions, survivors: 0 regions, predicted young region time: 12.75 ms]
 171.688: [G1Ergonomics (CSet Construction) finish choosing CSet, eden: 2 regions, survivors: 0 regions, old: 0 regions, predicted pause time: 15.35 ms, target pause time: 200.00 ms]
 171.689: [G1Ergonomics (Heap Sizing) attempt heap expansion, reason: region allocation request failed, allocation request: 2064 bytes]
 171.689: [G1Ergonomics (Heap Sizing) expand the heap, requested expansion amount: 2064 bytes, attempted expansion amount: 4194304 bytes]
 171.689: [G1Ergonomics (Heap Sizing) did not expand the heap, reason: heap already fully expanded]
 171.694: [G1Ergonomics (Concurrent Cycles) request concurrent cycle initiation, reason: occupancy higher than threshold, occupancy: 104857600 bytes, allocation request: 0 bytes, threshold: 47185920 bytes (45.00 %), source: end of GC]
 (to-space exhausted), 0.0051295 secs]
   [Parallel Time: 2.9 ms, GC Workers: 10]
      [GC Worker Start (ms): Min: 171688.5, Avg: 171688.7, Max: 171688.8, Diff: 0.3]
      [Ext Root Scanning (ms): Min: 0.2, Avg: 0.4, Max: 0.7, Diff: 0.5, Sum: 3.7]
      [Update RS (ms): Min: 0.0, Avg: 0.0, Max: 0.1, Diff: 0.1, Sum: 0.1]
         [Processed Buffers: Min: 0, Avg: 0.5, Max: 5, Diff: 5, Sum: 5]
      [Scan RS (ms): Min: 0.0, Avg: 0.0, Max: 0.0, Diff: 0.0, Sum: 0.0]
      [Code Root Scanning (ms): Min: 0.0, Avg: 0.0, Max: 0.0, Diff: 0.0, Sum: 0.0]
      [Object Copy (ms): Min: 1.6, Avg: 2.0, Max: 2.2, Diff: 0.5, Sum: 20.3]
      [Termination (ms): Min: 0.0, Avg: 0.1, Max: 0.3, Diff: 0.3, Sum: 1.4]
         [Termination Attempts: Min: 1, Avg: 1.0, Max: 1, Diff: 0, Sum: 10]
      [GC Worker Other (ms): Min: 0.0, Avg: 0.0, Max: 0.0, Diff: 0.0, Sum: 0.1]
      [GC Worker Total (ms): Min: 2.4, Avg: 2.6, Max: 2.8, Diff: 0.4, Sum: 25.6]
      [GC Worker End (ms): Min: 171691.2, Avg: 171691.2, Max: 171691.4, Diff: 0.1]
   [Code Root Fixup: 0.0 ms]
   [Code Root Purge: 0.0 ms]
   [Clear CT: 0.1 ms]
   [Other: 2.1 ms]
      [Evacuation Failure: 1.4 ms]
      [Choose CSet: 0.0 ms]
      [Ref Proc: 0.4 ms]
      [Ref Enq: 0.0 ms]
      [Redirty Cards: 0.1 ms]
      [Humongous Register: 0.0 ms]
      [Humongous Reclaim: 0.0 ms]
      [Free CSet: 0.0 ms]
   [Eden: 8192.0K(40.0M)->0.0B(40.0M) Survivors: 0.0B->0.0B Heap: 76.4M(100.0M)->76.4M(100.0M)]
 [Times: user=0.01 sys=0.00, real=0.01 secs] 
2020-12-10T22:21:47.772-0800: 171.694: Total time for which application threads were stopped: 0.0053727 seconds, Stopping threads took: 0.0000259 seconds
2020-12-10T22:21:47.772-0800: 171.694: Application time: 0.0000318 seconds
 171.694: [G1Ergonomics (Heap Sizing) attempt heap expansion, reason: allocation request failed, allocation request: 1048592 bytes]
 171.694: [G1Ergonomics (Heap Sizing) expand the heap, requested expansion amount: 4194304 bytes, attempted expansion amount: 4194304 bytes]
 171.694: [G1Ergonomics (Heap Sizing) did not expand the heap, reason: heap already fully expanded]
2020-12-10T22:21:47.772-0800: 171.694: [Full GC (Allocation Failure)  76M->73M(100M), 0.0106149 secs]
   [Eden: 0.0B(40.0M)->0.0B(40.0M) Survivors: 0.0B->0.0B Heap: 76.4M(100.0M)->73.6M(100.0M)], [Metaspace: 8724K->8724K(1056768K)]
 [Times: user=0.02 sys=0.00, real=0.01 secs] 
2020-12-10T22:21:47.782-0800: 171.704: [Full GC (Allocation Failure)  73M->73M(100M), 0.0089640 secs]
   [Eden: 0.0B(40.0M)->0.0B(40.0M) Survivors: 0.0B->0.0B Heap: 73.6M(100.0M)->73.4M(100.0M)], [Metaspace: 8724K->8657K(1056768K)]
 [Times: user=0.01 sys=0.00, real=0.01 secs] 
2020-12-10T22:21:47.791-0800: 171.713: Total time for which application threads were stopped: 0.0197759 seconds, Stopping threads took: 0.0000068 seconds
2020-12-10T22:21:47.792-0800: 171.714: Application time: 0.0000905 seconds
2020-12-10T22:21:47.792-0800: 171.714: [GC pause (G1 Evacuation Pause) (young)
Desired survivor size 4194304 bytes, new threshold 5 (max 5)
 171.714: [G1Ergonomics (CSet Construction) start choosing CSet, _pending_cards: 6, predicted base time: 2.58 ms, remaining time: 197.42 ms, target pause time: 200.00 ms]
 171.714: [G1Ergonomics (CSet Construction) add young regions to CSet, eden: 0 regions, survivors: 0 regions, predicted young region time: 0.00 ms]
 171.714: [G1Ergonomics (CSet Construction) finish choosing CSet, eden: 0 regions, survivors: 0 regions, old: 0 regions, predicted pause time: 2.58 ms, target pause time: 200.00 ms]
 171.714: [G1Ergonomics (Concurrent Cycles) request concurrent cycle initiation, reason: occupancy higher than threshold, occupancy: 104857600 bytes, allocation request: 0 bytes, threshold: 47185920 bytes (45.00 %), source: end of GC]
, 0.0008467 secs]
   [Parallel Time: 0.3 ms, GC Workers: 10]
      [GC Worker Start (ms): Min: 171713.7, Avg: 171713.7, Max: 171713.8, Diff: 0.1]
      [Ext Root Scanning (ms): Min: 0.1, Avg: 0.1, Max: 0.2, Diff: 0.1, Sum: 1.3]
      [Update RS (ms): Min: 0.0, Avg: 0.0, Max: 0.0, Diff: 0.0, Sum: 0.0]
         [Processed Buffers: Min: 0, Avg: 0.2, Max: 1, Diff: 1, Sum: 2]
      [Scan RS (ms): Min: 0.0, Avg: 0.0, Max: 0.0, Diff: 0.0, Sum: 0.0]
      [Code Root Scanning (ms): Min: 0.0, Avg: 0.0, Max: 0.0, Diff: 0.0, Sum: 0.0]
      [Object Copy (ms): Min: 0.0, Avg: 0.0, Max: 0.0, Diff: 0.0, Sum: 0.1]
      [Termination (ms): Min: 0.0, Avg: 0.0, Max: 0.0, Diff: 0.0, Sum: 0.1]
         [Termination Attempts: Min: 1, Avg: 1.0, Max: 1, Diff: 0, Sum: 10]
      [GC Worker Other (ms): Min: 0.0, Avg: 0.0, Max: 0.0, Diff: 0.0, Sum: 0.1]
      [GC Worker Total (ms): Min: 0.1, Avg: 0.2, Max: 0.2, Diff: 0.1, Sum: 1.6]
      [GC Worker End (ms): Min: 171713.9, Avg: 171713.9, Max: 171713.9, Diff: 0.0]
   [Code Root Fixup: 0.0 ms]
   [Code Root Purge: 0.0 ms]
   [Clear CT: 0.1 ms]
   [Other: 0.5 ms]
      [Choose CSet: 0.0 ms]
      [Ref Proc: 0.3 ms]
      [Ref Enq: 0.0 ms]
      [Redirty Cards: 0.1 ms]
      [Humongous Register: 0.0 ms]
      [Humongous Reclaim: 0.0 ms]
      [Free CSet: 0.0 ms]
   [Eden: 0.0B(40.0M)->0.0B(40.0M) Survivors: 0.0B->0.0B Heap: 73.4M(100.0M)->73.4M(100.0M)]
 [Times: user=0.00 sys=0.00, real=0.00 secs] 
2020-12-10T22:21:47.793-0800: 171.715: Total time for which application threads were stopped: 0.0009649 seconds, Stopping threads took: 0.0000079 seconds
2020-12-10T22:21:47.793-0800: 171.715: Application time: 0.0000221 seconds
 171.715: [G1Ergonomics (Concurrent Cycles) initiate concurrent cycle, reason: concurrent cycle initiation requested]
2020-12-10T22:21:47.793-0800: 171.715: [GC pause (G1 Evacuation Pause) (young) (initial-mark)
Desired survivor size 4194304 bytes, new threshold 5 (max 5)
 171.715: [G1Ergonomics (CSet Construction) start choosing CSet, _pending_cards: 0, predicted base time: 2.17 ms, remaining time: 197.83 ms, target pause time: 200.00 ms]
 171.715: [G1Ergonomics (CSet Construction) add young regions to CSet, eden: 0 regions, survivors: 0 regions, predicted young region time: 0.00 ms]
 171.715: [G1Ergonomics (CSet Construction) finish choosing CSet, eden: 0 regions, survivors: 0 regions, old: 0 regions, predicted pause time: 2.17 ms, target pause time: 200.00 ms]
, 0.0008042 secs]
   [Parallel Time: 0.3 ms, GC Workers: 10]
      [GC Worker Start (ms): Min: 171714.6, Avg: 171714.7, Max: 171714.8, Diff: 0.1]
      [Ext Root Scanning (ms): Min: 0.1, Avg: 0.1, Max: 0.2, Diff: 0.1, Sum: 1.4]
      [Update RS (ms): Min: 0.0, Avg: 0.0, Max: 0.0, Diff: 0.0, Sum: 0.0]
         [Processed Buffers: Min: 0, Avg: 0.1, Max: 1, Diff: 1, Sum: 1]
      [Scan RS (ms): Min: 0.0, Avg: 0.0, Max: 0.0, Diff: 0.0, Sum: 0.0]
      [Code Root Scanning (ms): Min: 0.0, Avg: 0.0, Max: 0.0, Diff: 0.0, Sum: 0.0]
      [Object Copy (ms): Min: 0.0, Avg: 0.0, Max: 0.0, Diff: 0.0, Sum: 0.1]
      [Termination (ms): Min: 0.0, Avg: 0.0, Max: 0.0, Diff: 0.0, Sum: 0.1]
         [Termination Attempts: Min: 1, Avg: 1.0, Max: 1, Diff: 0, Sum: 10]
      [GC Worker Other (ms): Min: 0.0, Avg: 0.0, Max: 0.0, Diff: 0.0, Sum: 0.1]
      [GC Worker Total (ms): Min: 0.1, Avg: 0.2, Max: 0.3, Diff: 0.1, Sum: 1.7]
      [GC Worker End (ms): Min: 171714.9, Avg: 171714.9, Max: 171714.9, Diff: 0.0]
   [Code Root Fixup: 0.0 ms]
   [Code Root Purge: 0.0 ms]
   [Clear CT: 0.1 ms]
   [Other: 0.4 ms]
      [Choose CSet: 0.0 ms]
      [Ref Proc: 0.2 ms]
      [Ref Enq: 0.0 ms]
      [Redirty Cards: 0.1 ms]
      [Humongous Register: 0.0 ms]
      [Humongous Reclaim: 0.0 ms]
      [Free CSet: 0.0 ms]
   [Eden: 0.0B(40.0M)->0.0B(40.0M) Survivors: 0.0B->0.0B Heap: 73.4M(100.0M)->73.4M(100.0M)]
 [Times: user=0.00 sys=0.00, real=0.00 secs] 
2020-12-10T22:21:47.793-0800: 171.715: Total time for which application threads were stopped: 0.0009182 seconds, Stopping threads took: 0.0000047 seconds
2020-12-10T22:21:47.794-0800: 171.716: [GC concurrent-root-region-scan-start]
2020-12-10T22:21:47.794-0800: 171.716: [GC concurrent-root-region-scan-end, 0.0000060 secs]
2020-12-10T22:21:47.794-0800: 171.716: [GC concurrent-mark-start]
2020-12-10T22:21:47.794-0800: 171.716: Application time: 0.0000338 seconds
 171.716: [G1Ergonomics (Heap Sizing) attempt heap expansion, reason: allocation request failed, allocation request: 24 bytes]
 171.716: [G1Ergonomics (Heap Sizing) expand the heap, requested expansion amount: 4194304 bytes, attempted expansion amount: 4194304 bytes]
 171.716: [G1Ergonomics (Heap Sizing) did not expand the heap, reason: heap already fully expanded]
2020-12-10T22:21:47.794-0800: 171.716: [Full GC (Allocation Failure)  73M->1462K(100M), 0.0084990 secs]
   [Eden: 0.0B(40.0M)->0.0B(40.0M) Survivors: 0.0B->0.0B Heap: 73.4M(100.0M)->1462.8K(100.0M)], [Metaspace: 8657K->8657K(1056768K)]
 [Times: user=0.01 sys=0.00, real=0.01 secs] 
2020-12-10T22:21:47.802-0800: 171.724: Total time for which application threads were stopped: 0.0086010 seconds, Stopping threads took: 0.0000062 seconds
2020-12-10T22:21:47.802-0800: 171.724: [GC concurrent-mark-abort]
Heap
 garbage-first heap   total 102400K, used 1462K [0x00000007b9c00000, 0x00000007ba0000c8, 0x00000007c0000000)
  region size 4096K, 1 young (4096K), 0 survivors (0K)
 Metaspace       used 8674K, capacity 8908K, committed 9344K, reserved 1056768K
  class space    used 995K, capacity 1054K, committed 1152K, reserved 1048576K
2020-12-10T22:21:47.803-0800: 171.725: Application time: 0.0012257 seconds
